Microchip MPLAB XC8 Compiler V1.37 ()

Linker command line:

-W-3 --edf=C:\Program Files (x86)\Microchip\xc8\v1.37\dat\en_msgs.txt -cs \
  -h+dist/default/debug\Othello.X.debug.sym \
  --cmf=dist/default/debug\Othello.X.debug.cmf -z -Q16F887 \
  -oC:\Users\hirschag\AppData\Local\Temp\sed8.2 \
  -Mdist/default/debug/Othello.X.debug.map -E1 -ver=XC8 -ASTACK=0110h-016fh \
  -pstack=STACK -ACODE=00h-07FFhx3,01800h-01EFFh -ASTRCODE=00h-01EFFh \
  -ASTRING=00h-0FFhx31 -ACONST=00h-0FFhx31 -AENTRY=00h-0FFhx31 \
  -ACOMMON=071h-07Fh -ABANK0=020h-06Fh -ABANK1=0A0h-0EFh \
  -ABANK2=0110h-016Fh -ABANK3=0190h-01E4h \
  -ARAM=020h-06Fh,0A0h-0EFh,0110h-016Fh,0190h-01E4h \
  -AABS1=020h-07Fh,0A0h-0EFh,0110h-016Fh,0190h-01EFh -ASFR0=00h-01Fh \
  -ASFR1=080h-09Fh -ASFR2=0100h-010Fh -ASFR3=0180h-018Fh \
  -preset_vec=00h,intentry=04h,init,end_init -ppowerup=CODE -pcinit=CODE \
  -pfunctab=CODE -ACONFIG=02007h-02008h -pconfig=CONFIG -DCONFIG=2 \
  -AIDLOC=02000h-02003h -pidloc=IDLOC -DIDLOC=2 -AEEDATA=00h-0FFh/02100h \
  -peeprom_data=EEDATA -DEEDATA=2 -DCODE=2 -DSTRCODE=2 -DSTRING=2 -DCONST=2 \
  -DENTRY=2 -k C:\Users\hirschag\AppData\Local\Temp\sed8.obj \
  dist/default/debug\Othello.X.debug.obj 

Object code version is 3.11

Machine type is 16F887



                Name                               Link     Load   Length Selector   Space Scale
C:\Users\hirschag\AppData\Local\Temp\sed8.obj
                end_init                             12       12        3        8       0
                reset_vec                             0        0        4        0       0
                config                             2007     2007        2     400E       0
dist/default/debug\Othello.X.debug.obj
                cinit                               7EB      7EB       15      FD6       0
                intentry                              4        4        E        8       0
                text31                              120      120       19      240       0
                text30                               2E       2E        8       5C       0
                text29                              153      153       25      2A6       0
                text28                              139      139       1A      272       0
                text27                              1C7      1C7       2B      38E       0
                text26                              3E1      3E1       5B      7C2       0
                text25                              394      394       4D      728       0
                text24                               48       48        C       90       0
                text23                               3E       3E        A       7C       0
                text22                              25E      25E       38      4BC       0
                text21                               54       54        C       A8       0
                text20                              1F2      1F2       36      3E4       0
                text19                               C5       C5       15      18A       0
                text18                               60       60        E       C0       0
                text17                              228      228       36      450       0
                text16                               6E       6E        E       DC       0
                text15                               7C       7C       11       F8       0
                text14                              309      309       41      612       0
                text13                              498      498       65      930       0
                text12                              178      178       26      2F0       0
                text11                               DA       DA       16      1B4       0
                text10                               F0       F0       18      1E0       0
                text9                               19E      19E       29      33C       0
                text8                               296      296       39      52C       0
                text7                               4FD      4FD       87      9FA       0
                text6                                9E       9E       13      13C       0
                text5                                B1       B1       14      162       0
                text4                                36       36        8       6C       0
                text3                               43C      43C       5C      878       0
                text2                               34A      34A       4A      694       0
                text1                               2CF      2CF       3A      59E       0
                maintext                            584      584      267      B08       0
                cstackBANK0                          38       38       13       20       1
                cstackCOMMON                         71       71        6       71       1
                inittext                             8D       8D       11      11A       0
                dataBANK0                            20       20       18       20       1
                bssBANK0                             4B       4B        3       20       1
                bssCOMMON                            77       77        2       71       1
                stringtext                          800      800      10C       10       0
                idataBANK0                          108      108       18      210       0

TOTAL           Name                               Link     Load   Length     Space
        CLASS   STACK          

        CLASS   CODE           
                end_init                             12       12        3         0
                cinit                               7EB      7EB       15         0
                intentry                              4        4        E         0
                reset_vec                             0        0        4         0
                text31                              120      120       19         0
                text30                               2E       2E        8         0
                text29                              153      153       25         0
                text28                              139      139       1A         0
                text27                              1C7      1C7       2B         0
                text26                              3E1      3E1       5B         0
                text25                              394      394       4D         0
                text24                               48       48        C         0
                text23                               3E       3E        A         0
                text22                              25E      25E       38         0
                text21                               54       54        C         0
                text20                              1F2      1F2       36         0
                text19                               C5       C5       15         0
                text18                               60       60        E         0
                text17                              228      228       36         0
                text16                               6E       6E        E         0
                text15                               7C       7C       11         0
                text14                              309      309       41         0
                text13                              498      498       65         0
                text12                              178      178       26         0
                text11                               DA       DA       16         0
                text10                               F0       F0       18         0
                text9                               19E      19E       29         0
                text8                               296      296       39         0
                text7                               4FD      4FD       87         0
                text6                                9E       9E       13         0
                text5                                B1       B1       14         0
                text4                                36       36        8         0
                text3                               43C      43C       5C         0
                text2                               34A      34A       4A         0
                text1                               2CF      2CF       3A         0
                maintext                            584      584      267         0
                inittext                             8D       8D       11         0
                idataBANK0                          108      108       18         0

        CLASS   STRCODE        
                stringtext                          800      800      10C         0

        CLASS   STRING         

        CLASS   CONST          

        CLASS   ENTRY          

        CLASS   COMMON         
                cstackCOMMON                         71       71        6         1
                bssCOMMON                            77       77        2         1

        CLASS   BANK0          
                cstackBANK0                          38       38       13         1
                dataBANK0                            20       20       18         1
                bssBANK0                             4B       4B        3         1

        CLASS   BANK1          

        CLASS   BANK2          

        CLASS   BANK3          

        CLASS   RAM            

        CLASS   ABS1           
                abs_s1                               7E       7E        2         1

        CLASS   SFR0           

        CLASS   SFR1           

        CLASS   SFR2           

        CLASS   SFR3           

        CLASS   CONFIG         
                config                             2007     2007        2         0

        CLASS   IDLOC          

        CLASS   EEDATA         



SEGMENTS        Name                           Load    Length   Top    Selector   Space  Class     Delta

                reset_vec                      000000  000004  000004         0       0  CODE        2
                intentry                       000004  000011  000015         8       0  CODE        2
                dataBANK0                      000020  00002E  00004E        20       1  BANK0       1
                text30                         00002E  000008  000036        5C       0  CODE        2
                text4                          000036  000008  00003E        6C       0  CODE        2
                cstackCOMMON                   000071  000008  000079        71       1  COMMON      1
                text23                         00003E  00000A  000048        7C       0  CODE        2
                text24                         000048  00000C  000054        90       0  CODE        2
                text21                         000054  00000C  000060        A8       0  CODE        2
                text18                         000060  00000E  00006E        C0       0  CODE        2
                text16                         00006E  00000E  00007C        DC       0  CODE        2
                text15                         00007C  000011  00008D        F8       0  CODE        2
                inittext                       00008D  000011  00009E       11A       0  CODE        2
                text6                          00009E  000013  0000B1       13C       0  CODE        2
                text5                          0000B1  000014  0000C5       162       0  CODE        2
                text19                         0000C5  000015  0000DA       18A       0  CODE        2
                text11                         0000DA  000016  0000F0       1B4       0  CODE        2
                text10                         0000F0  000018  000108       1E0       0  CODE        2
                idataBANK0                     000108  000018  000120       210       0  CODE        2
                text31                         000120  000019  000139       240       0  CODE        2
                text28                         000139  00001A  000153       272       0  CODE        2
                text29                         000153  000025  000178       2A6       0  CODE        2
                text12                         000178  000026  00019E       2F0       0  CODE        2
                text9                          00019E  000029  0001C7       33C       0  CODE        2
                text27                         0001C7  00002B  0001F2       38E       0  CODE        2
                text20                         0001F2  000036  000228       3E4       0  CODE        2
                text17                         000228  000036  00025E       450       0  CODE        2
                text22                         00025E  000038  000296       4BC       0  CODE        2
                text8                          000296  000039  0002CF       52C       0  CODE        2
                text1                          0002CF  00003A  000309       59E       0  CODE        2
                text14                         000309  000041  00034A       612       0  CODE        2
                text2                          00034A  00004A  000394       694       0  CODE        2
                text25                         000394  00004D  0003E1       728       0  CODE        2
                text26                         0003E1  00005B  00043C       7C2       0  CODE        2
                text3                          00043C  00005C  000498       878       0  CODE        2
                text13                         000498  000065  0004FD       930       0  CODE        2
                text7                          0004FD  000087  000584       9FA       0  CODE        2
                maintext                       000584  000267  0007EB       B08       0  CODE        2
                cinit                          0007EB  000015  000800       FD6       0  CODE        2
                stringtext                     000800  00010C  00090C        10       0  STRCODE     2
                config                         002007  000002  002009      400E       0  CONFIG      2


UNUSED ADDRESS RANGES

        Name                Unused          Largest block    Delta
        BANK0            004E-006F             22           1
        BANK1            00A0-00EF             50           1
        BANK2            0110-016F             60           1
        BANK3            0190-01E4             55           1
        CODE             0015-002D             19           2
                         090C-1EFF            800
        COMMON           0079-007D              5           1
        CONST            0015-002D             19           2
                         090C-1EFF            100
        EEDATA           2100-21FF            100           2
        ENTRY            0015-002D             19           2
                         090C-1EFF            100
        IDLOC            2000-2003              4           2
        RAM              004E-006F             22           1
                         00A0-00EF             50
                         0110-016F             60
                         0190-01E4             55
        SFR0             0000-001F             20           1
        SFR1             0080-009F             20           1
        SFR2             0100-010F             10           1
        SFR3             0180-018F             10           1
        STACK            0110-016F             60           1
        STRCODE          0015-002D             19           2
                         090C-1EFF           15F4
        STRING           0015-002D             19           2
                         090C-1EFF            100

                                  Symbol Table

?___awdiv                    cstackBANK0  0038
?___awmod                    cstackBANK0  0038
Delay20us@next               cstackBANK0  0038
DelayMs@millis               cstackBANK0  0038
I2C_SendAddress@address      cstackBANK0  003A
I2C_SendAddress@rw           cstackBANK0  0039
I2C_SendByte@data            cstackBANK0  0038
OutChar@outchr               cstackCOMMON 0076
OutCharMsg@string            cstackBANK0  0038
_ANSEL                       (abs)        0188
_ANSELH                      (abs)        0189
_AllPos                      dataBANK0    0020
_BCLIF                       (abs)        006B
_BRG16                       (abs)        0C3B
_BRGH                        (abs)        04C2
_CREN                        (abs)        00C4
_Delay20us                   text24       0048
_DelayMs                     text11       00DA
_GIE                         (abs)        005F
_GreenPos                    dataBANK0    0028
_I2C_Idle_Status             text17       0228
_I2C_Initialize              text6        009E
_I2C_SendAddress             text18       0060
_I2C_SendByte                text19       00C5
_I2C_Start                   text16       006E
_I2C_Stop                    text15       007C
_KEYS                        stringtext   0812
_LCDNextState                bssBANK0     004B
_LCDState                    bssBANK0     004C
_LCDStateCount               bssCOMMON    0077
_LCD_strobe                  text23       003E
_OPTION_REG                  (abs)        0081
_OutChar                     text30       002E
_OutCharMsg                  text29       0153
_PEIE                        (abs)        005E
_PORTA                       (abs)        0005
_PORTB                       (abs)        0006
_RA0                         (abs)        0028
_RA1                         (abs)        0029
_RA2                         (abs)        002A
_RA3                         (abs)        002B
_RA4                         (abs)        002C
_RA5                         (abs)        002D
_RCIF                        (abs)        0065
_RCREG                       (abs)        001A
_RD1                         (abs)        0041
_RedPos                      dataBANK0    0030
_SPBRG                       (abs)        0099
_SPEN                        (abs)        00C7
_SSPADD                      (abs)        0093
_SSPBUF                      (abs)        0013
_SSPCON                      (abs)        0014
_SSPCON2                     (abs)        0091
_SSPCON2bits                 (abs)        0091
_SSPIF                       (abs)        0063
_SSPSTAT                     (abs)        0094
_SSPSTATbits                 (abs)        0094
_SYNC                        (abs)        04C4
_T0IF                        (abs)        005A
_T1CKPS0                     (abs)        0084
_T1CKPS1                     (abs)        0085
_TMR0                        (abs)        0001
_TMR1CS                      (abs)        0081
_TMR1GE                      (abs)        0086
_TMR1IE                      (abs)        0460
_TMR1IF                      (abs)        0060
_TMR1ON                      (abs)        0080
_TRISA                       (abs)        0085
_TRISB                       (abs)        0086
_TRISC                       (abs)        0087
_TRISC3                      (abs)        043B
_TRISC4                      (abs)        043C
_TRISD                       (abs)        0088
_TXEN                        (abs)        04C5
_TXIF                        (abs)        0064
_TXREG                       (abs)        0019
__CFG_BOR4V$BOR21V           (abs)        0000
__CFG_BOREN$OFF              (abs)        0000
__CFG_CP$OFF                 (abs)        0000
__CFG_CPD$OFF                (abs)        0000
__CFG_FCMEN$OFF              (abs)        0000
__CFG_FOSC$HS                (abs)        0000
__CFG_IESO$OFF               (abs)        0000
__CFG_LVP$OFF                (abs)        0000
__CFG_MCLRE$ON               (abs)        0000
__CFG_PWRTE$OFF              (abs)        0000
__CFG_WDTE$OFF               (abs)        0000
__CFG_WRT$OFF                (abs)        0000
__Habs1                      abs1         0000
__Hbank0                     bank0        0000
__Hbank1                     bank1        0000
__Hbank2                     bank2        0000
__Hbank3                     bank3        0000
__HbssBANK0                  bssBANK0     0000
__HbssCOMMON                 bssCOMMON    0000
__Hcinit                     cinit        0800
__Hclrtext                   clrtext      0000
__Hcode                      code         0000
__Hcommon                    common       0000
__Hconfig                    config       2009
__HcstackBANK0               cstackBANK0  0000
__HcstackCOMMON              cstackCOMMON 0000
__HdataBANK0                 dataBANK0    0000
__Heeprom_data               eeprom_data  0000
__Hend_init                  end_init     0015
__Hfunctab                   functab      0000
__HidataBANK0                idataBANK0   0000
__Hidloc                     idloc        0000
__Hinit                      init         0012
__Hinittext                  inittext     0000
__Hintentry                  intentry     0012
__Hmaintext                  maintext     0000
__Hpowerup                   powerup      0000
__Hram                       ram          0000
__Hreset_vec                 reset_vec    0004
__Hsfr0                      sfr0         0000
__Hsfr1                      sfr1         0000
__Hsfr2                      sfr2         0000
__Hsfr3                      sfr3         0000
__Hspace_0                   (abs)        2009
__Hspace_1                   (abs)        0079
__Hspace_2                   (abs)        0000
__Hspace_3                   (abs)        0000
__Hstack                     stack        0000
__Hstrings                   strings      0000
__Hstringtext                stringtext   0000
__Htext                      text         0000
__Labs1                      abs1         0000
__Lbank0                     bank0        0000
__Lbank1                     bank1        0000
__Lbank2                     bank2        0000
__Lbank3                     bank3        0000
__LbssBANK0                  bssBANK0     0000
__LbssCOMMON                 bssCOMMON    0000
__Lcinit                     cinit        07EB
__Lclrtext                   clrtext      0000
__Lcode                      code         0000
__Lcommon                    common       0000
__Lconfig                    config       2007
__LcstackBANK0               cstackBANK0  0000
__LcstackCOMMON              cstackCOMMON 0000
__LdataBANK0                 dataBANK0    0000
__Leeprom_data               eeprom_data  0000
__Lend_init                  end_init     0012
__Lfunctab                   functab      0000
__LidataBANK0                idataBANK0   0000
__Lidloc                     idloc        0000
__Linit                      init         0012
__Linittext                  inittext     0000
__Lintentry                  intentry     0004
__Lmaintext                  maintext     0000
__Lpowerup                   powerup      0000
__Lram                       ram          0000
__Lreset_vec                 reset_vec    0000
__Lsfr0                      sfr0         0000
__Lsfr1                      sfr1         0000
__Lsfr2                      sfr2         0000
__Lsfr3                      sfr3         0000
__Lspace_0                   (abs)        0000
__Lspace_1                   (abs)        0000
__Lspace_2                   (abs)        0000
__Lspace_3                   (abs)        0000
__Lstack                     stack        0000
__Lstrings                   strings      0000
__Lstringtext                stringtext   0000
__Ltext                      text         0000
__S0                         (abs)        2009
__S1                         (abs)        0079
__S2                         (abs)        0000
__S3                         (abs)        0000
___awdiv                     text26       03E1
___awdiv@counter             cstackBANK0  003C
___awdiv@dividend            cstackBANK0  003A
___awdiv@divisor             cstackBANK0  0038
___awdiv@quotient            cstackBANK0  003E
___awdiv@sign                cstackBANK0  003D
___awmod                     text25       0394
___awmod@counter             cstackBANK0  003C
___awmod@dividend            cstackBANK0  003A
___awmod@divisor             cstackBANK0  0038
___awmod@sign                cstackBANK0  003D
___int_sp                    stack        0000
___latbits                   (abs)        0002
___sp                        stack        0000
__end_of_Delay20us           text24       0054
__end_of_DelayMs             text11       00F0
__end_of_I2C_Idle_Status     text17       025E
__end_of_I2C_Initialize      text6        00B1
__end_of_I2C_SendAddress     text18       006E
__end_of_I2C_SendByte        text19       00DA
__end_of_I2C_Start           text16       007C
__end_of_I2C_Stop            text15       008D
__end_of_KEYS                stringtext   0822
__end_of_LCD_strobe          text23       0048
__end_of_OutChar             text30       0036
__end_of_OutCharMsg          text29       0178
__end_of___awdiv             text26       043C
__end_of___awmod             text25       03E1
__end_of__initialization     cinit        07FC
__end_of__stringtab          stringtext   0812
__end_of_checkFullBoard      text28       0153
__end_of_checkPositionFree   text8        02CF
__end_of_countColor          text27       01F2
__end_of_displayNuber        text20       0228
__end_of_drawMatrix          text14       034A
__end_of_getKeypadKey        text13       04FD
__end_of_getKeypadPressed    text12       019E
__end_of_interrupt_handler   text31       0139
__end_of_lcd_clear           text5        00C5
__end_of_lcd_goto            text10       0108
__end_of_lcd_init            text3        0498
__end_of_lcd_putch           text21       0060
__end_of_lcd_puts            text9        01C7
__end_of_lcd_write           text22       0296
__end_of_main                maintext     07EB
__end_of_matrixSetup         text2        0394
__end_of_sendMatrix          text7        0584
__end_of_setup               text1        0309
__end_of_tmr0_init           text4        003E
__initialization             cinit        07EB
__pbssBANK0                  bssBANK0     004B
__pbssCOMMON                 bssCOMMON    0077
__pcstackBANK0               cstackBANK0  0038
__pcstackCOMMON              cstackCOMMON 0071
__pdataBANK0                 dataBANK0    0020
__pidataBANK0                idataBANK0   0108
__pintentry                  intentry     0004
__pmaintext                  maintext     0584
__pstringtext                stringtext   0800
__ptext1                     text1        02CF
__ptext10                    text10       00F0
__ptext11                    text11       00DA
__ptext12                    text12       0178
__ptext13                    text13       0498
__ptext14                    text14       0309
__ptext15                    text15       007C
__ptext16                    text16       006E
__ptext17                    text17       0228
__ptext18                    text18       0060
__ptext19                    text19       00C5
__ptext2                     text2        034A
__ptext20                    text20       01F2
__ptext21                    text21       0054
__ptext22                    text22       025E
__ptext23                    text23       003E
__ptext24                    text24       0048
__ptext25                    text25       0394
__ptext26                    text26       03E1
__ptext27                    text27       01C7
__ptext28                    text28       0139
__ptext29                    text29       0153
__ptext3                     text3        043C
__ptext30                    text30       002E
__ptext31                    text31       0120
__ptext4                     text4        0036
__ptext5                     text5        00B1
__ptext6                     text6        009E
__ptext7                     text7        04FD
__ptext8                     text8        0296
__ptext9                     text9        019E
__size_of_Delay20us          (abs)        0000
__size_of_DelayMs            (abs)        0000
__size_of_I2C_Idle_Status    (abs)        0000
__size_of_I2C_Initialize     (abs)        0000
__size_of_I2C_SendAddress    (abs)        0000
__size_of_I2C_SendByte       (abs)        0000
__size_of_I2C_Start          (abs)        0000
__size_of_I2C_Stop           (abs)        0000
__size_of_LCD_strobe         (abs)        0000
__size_of_OutChar            (abs)        0000
__size_of_OutCharMsg         (abs)        0000
__size_of___awdiv            (abs)        0000
__size_of___awmod            (abs)        0000
__size_of_checkFullBoard     (abs)        0000
__size_of_checkPositionFree  (abs)        0000
__size_of_countColor         (abs)        0000
__size_of_displayNuber       (abs)        0000
__size_of_drawMatrix         (abs)        0000
__size_of_getKeypadKey       (abs)        0000
__size_of_getKeypadPressed   (abs)        0000
__size_of_interrupt_handler  (abs)        0000
__size_of_lcd_clear          (abs)        0000
__size_of_lcd_goto           (abs)        0000
__size_of_lcd_init           (abs)        0000
__size_of_lcd_putch          (abs)        0000
__size_of_lcd_puts           (abs)        0000
__size_of_lcd_write          (abs)        0000
__size_of_main               (abs)        0000
__size_of_matrixSetup        (abs)        0000
__size_of_sendMatrix         (abs)        0000
__size_of_setup              (abs)        0000
__size_of_tmr0_init          (abs)        0000
__stringbase                 stringtext   0812
__stringtab                  stringtext   0800
_checkFullBoard              text28       0139
_checkPositionFree           text8        0296
_color                       bssBANK0     004D
_countColor                  text27       01C7
_displayNuber                text20       01F2
_drawMatrix                  text14       0309
_getKeypadKey                text13       0498
_getKeypadPressed            text12       0178
_interrupt_handler           text31       0120
_lcd_clear                   text5        00B1
_lcd_goto                    text10       00F0
_lcd_init                    text3        043C
_lcd_putch                   text21       0054
_lcd_puts                    text9        019E
_lcd_write                   text22       025E
_main                        maintext     0584
_matrixSetup                 text2        034A
_nRBPU                       (abs)        040F
_sendMatrix                  text7        04FD
_setup                       text1        02CF
_tmr0_init                   text4        0036
btemp                        (abs)        007E
checkFullBoard@i             cstackBANK0  0038
checkPositionFree@col        cstackBANK0  0038
checkPositionFree@colorArray cstackBANK0  0039
checkPositionFree@row        cstackBANK0  003E
checkPositionFree@temp       cstackBANK0  003F
countColor@color             cstackBANK0  003B
countColor@count             cstackBANK0  003A
countColor@i                 cstackBANK0  003C
countColor@temp              cstackBANK0  003D
displayNuber@num             cstackBANK0  0042
drawMatrix@temp              cstackBANK0  0041
end_of_initialization        cinit        07FC
getKeypadKey@col             cstackBANK0  003C
getKeypadKey@temp            cstackBANK0  003B
getKeypadKey@temp2           cstackBANK0  003A
getKeypadPressed@temp        cstackBANK0  003B
getKeypadPressed@temp2       cstackBANK0  003A
init_fetch0                  inittext     008D
init_ram0                    inittext     0091
interrupt_function           intentry     0004
intlevel0                    functab      0000
intlevel1                    functab      0000
intlevel2                    functab      0000
intlevel3                    functab      0000
intlevel4                    functab      0000
intlevel5                    functab      0000
lcd_goto@position            cstackBANK0  003D
lcd_putch@character          cstackBANK0  003D
lcd_puts@string              cstackBANK0  003C
lcd_write@CmdChar            cstackBANK0  0039
lcd_write@mode               cstackBANK0  003B
ltemp                        (abs)        007E
ltemp0                       (abs)        007E
ltemp1                       (abs)        0082
ltemp2                       (abs)        0086
ltemp3                       (abs)        0080
main@col                     cstackBANK0  0049
main@row                     cstackBANK0  004A
main@temp                    cstackBANK0  0047
reset_vec                    reset_vec    0000
saved_w                      (abs)        007E
sendMatrix@PointerC          cstackBANK0  0040
sendMatrix@PointerR          cstackBANK0  0043
sendMatrix@c                 cstackBANK0  0045
sendMatrix@r                 cstackBANK0  0044
stackhi                      (abs)        0000
stacklo                      (abs)        0000
start                        init         0012
start_initialization         cinit        07EB
ttemp                        (abs)        007E
ttemp0                       (abs)        007E
ttemp1                       (abs)        0081
ttemp2                       (abs)        0084
ttemp3                       (abs)        0087
ttemp4                       (abs)        007F
wtemp                        (abs)        007E
wtemp0                       (abs)        007E
wtemp1                       (abs)        0080
wtemp2                       (abs)        0082
wtemp3                       (abs)        0084
wtemp4                       (abs)        0086
wtemp5                       (abs)        0088
wtemp6                       (abs)        007F


FUNCTION INFORMATION:

 *************** function _main *****************
 Defined at:
		line 409 in file "Othello.c"
 Parameters:    Size  Location     Type
		None
 Auto vars:     Size  Location     Type
  temp            2   15[BANK0 ] unsigned int 
  row             1   18[BANK0 ] unsigned char 
  col             1   17[BANK0 ] unsigned char 
 Return value:  Size  Location     Type
                  1    wreg      void 
 Registers used:
		wreg, fsr0l, fsr0h, status,2, status,0, btemp+1, pclath, cstack
 Tracked objects:
		On entry : 
		On exit  : 
		Unchanged: 
 Data sizes:     COMMON   BANK0   BANK1   BANK3   BANK2
      Params:         0       0       0       0       0
      Locals:         0       4       0       0       0
      Temps:          0       1       0       0       0
      Totals:         0       5       0       0       0
Total ram usage:        5 bytes
 Hardware stack levels required when called:    7
 This function calls:
		_DelayMs
		_OutChar
		_OutCharMsg
		_checkFullBoard
		_countColor
		_displayNuber
		_drawMatrix
		_getKeypadKey
		_getKeypadPressed
		_lcd_clear
		_lcd_goto
		_lcd_putch
		_lcd_puts
		_sendMatrix
		_setup
 This function is called by:
		Startup code after reset
 This function uses a non-reentrant model


 *************** function _setup *****************
 Defined at:
		line 121 in file "Othello.c"
 Parameters:    Size  Location     Type
		None
 Auto vars:     Size  Location     Type
		None
 Return value:  Size  Location     Type
                  1    wreg      void 
 Registers used:
		wreg, status,2, status,0, pclath, cstack
 Tracked objects:
		On entry : 
		On exit  : 
		Unchanged: 
 Data sizes:     COMMON   BANK0   BANK1   BANK3   BANK2
      Params:         0       0       0       0       0
      Locals:         0       0       0       0       0
      Temps:          0       0       0       0       0
      Totals:         0       0       0       0       0
Total ram usage:        0 bytes
 Hardware stack levels used:    1
 Hardware stack levels required when called:    6
 This function calls:
		_I2C_Initialize
		_lcd_init
		_matrixSetup
 This function is called by:
		_main
 This function uses a non-reentrant model


 *************** function _matrixSetup *****************
 Defined at:
		line 92 in file "Othello.c"
 Parameters:    Size  Location     Type
		None
 Auto vars:     Size  Location     Type
		None
 Return value:  Size  Location     Type
                  1    wreg      void 
 Registers used:
		wreg, status,2, status,0, pclath, cstack
 Tracked objects:
		On entry : 
		On exit  : 
		Unchanged: 
 Data sizes:     COMMON   BANK0   BANK1   BANK3   BANK2
      Params:         0       0       0       0       0
      Locals:         0       0       0       0       0
      Temps:          0       0       0       0       0
      Totals:         0       0       0       0       0
Total ram usage:        0 bytes
 Hardware stack levels used:    1
 Hardware stack levels required when called:    3
 This function calls:
		_I2C_SendAddress
		_I2C_SendByte
		_I2C_Start
		_I2C_Stop
 This function is called by:
		_setup
 This function uses a non-reentrant model


 *************** function _lcd_init *****************
 Defined at:
		line 176 in file "lcd4bit/lcd4bits.c"
 Parameters:    Size  Location     Type
		None
 Auto vars:     Size  Location     Type
		None
 Return value:  Size  Location     Type
                  1    wreg      void 
 Registers used:
		wreg, status,2, status,0, pclath, cstack
 Tracked objects:
		On entry : 
		On exit  : 
		Unchanged: 
 Data sizes:     COMMON   BANK0   BANK1   BANK3   BANK2
      Params:         0       0       0       0       0
      Locals:         0       0       0       0       0
      Temps:          0       1       0       0       0
      Totals:         0       1       0       0       0
Total ram usage:        1 bytes
 Hardware stack levels used:    1
 Hardware stack levels required when called:    5
 This function calls:
		_DelayMs
		_lcd_clear
		_lcd_write
		_tmr0_init
 This function is called by:
		_setup
 This function uses a non-reentrant model


 *************** function _tmr0_init *****************
 Defined at:
		line 73 in file "lcd4bit/lcd4bits.c"
 Parameters:    Size  Location     Type
		None
 Auto vars:     Size  Location     Type
		None
 Return value:  Size  Location     Type
                  1    wreg      void 
 Registers used:
		wreg, status,2, status,0
 Tracked objects:
		On entry : 
		On exit  : 
		Unchanged: 
 Data sizes:     COMMON   BANK0   BANK1   BANK3   BANK2
      Params:         0       0       0       0       0
      Locals:         0       0       0       0       0
      Temps:          1       0       0       0       0
      Totals:         1       0       0       0       0
Total ram usage:        1 bytes
 Hardware stack levels used:    1
 Hardware stack levels required when called:    1
 This function calls:
		Nothing
 This function is called by:
		_lcd_init
 This function uses a non-reentrant model


 *************** function _lcd_clear *****************
 Defined at:
		line 145 in file "lcd4bit/lcd4bits.c"
 Parameters:    Size  Location     Type
		None
 Auto vars:     Size  Location     Type
		None
 Return value:  Size  Location     Type
                  1    wreg      void 
 Registers used:
		wreg, status,2, status,0, pclath, cstack
 Tracked objects:
		On entry : 
		On exit  : 
		Unchanged: 
 Data sizes:     COMMON   BANK0   BANK1   BANK3   BANK2
      Params:         0       0       0       0       0
      Locals:         0       0       0       0       0
      Temps:          0       0       0       0       0
      Totals:         0       0       0       0       0
Total ram usage:        0 bytes
 Hardware stack levels used:    1
 Hardware stack levels required when called:    4
 This function calls:
		_DelayMs
		_lcd_write
 This function is called by:
		_lcd_init
		_main
 This function uses a non-reentrant model


 *************** function _I2C_Initialize *****************
 Defined at:
		line 73 in file "i2c/i2c.c"
 Parameters:    Size  Location     Type
		None
 Auto vars:     Size  Location     Type
		None
 Return value:  Size  Location     Type
                  1    wreg      void 
 Registers used:
		wreg, status,2
 Tracked objects:
		On entry : 
		On exit  : 
		Unchanged: 
 Data sizes:     COMMON   BANK0   BANK1   BANK3   BANK2
      Params:         0       0       0       0       0
      Locals:         0       0       0       0       0
      Temps:          0       0       0       0       0
      Totals:         0       0       0       0       0
Total ram usage:        0 bytes
 Hardware stack levels used:    1
 Hardware stack levels required when called:    1
 This function calls:
		Nothing
 This function is called by:
		_setup
 This function uses a non-reentrant model


 *************** function _sendMatrix *****************
 Defined at:
		line 219 in file "Othello.c"
 Parameters:    Size  Location     Type
  PointerR        1    wreg     unsigned char 
  PointerC        1    8[BANK0 ] unsigned char 
 Auto vars:     Size  Location     Type
  PointerR        1   11[BANK0 ] unsigned char 
  c               1   13[BANK0 ] unsigned char 
  r               1   12[BANK0 ] unsigned char 
 Return value:  Size  Location     Type
                  1    wreg      void 
 Registers used:
		wreg, fsr0l, fsr0h, status,2, status,0, pclath, cstack
 Tracked objects:
		On entry : 
		On exit  : 
		Unchanged: 
 Data sizes:     COMMON   BANK0   BANK1   BANK3   BANK2
      Params:         0       1       0       0       0
      Locals:         0       3       0       0       0
      Temps:          0       2       0       0       0
      Totals:         0       6       0       0       0
Total ram usage:        6 bytes
 Hardware stack levels used:    1
 Hardware stack levels required when called:    2
 This function calls:
		_OutChar
		_checkPositionFree
 This function is called by:
		_main
		_legalPlay
		_drawFrom
		_playPeice
 This function uses a non-reentrant model


 *************** function _checkPositionFree *****************
 Defined at:
		line 199 in file "Othello.c"
 Parameters:    Size  Location     Type
  row             1    wreg     unsigned char 
  col             1    0[BANK0 ] unsigned char 
  colorArray      1    1[BANK0 ] PTR unsigned char 
		 -> RedPos(8), GreenPos(8), AllPos(8), 
 Auto vars:     Size  Location     Type
  row             1    6[BANK0 ] unsigned char 
  temp            1    7[BANK0 ] unsigned char 
 Return value:  Size  Location     Type
                  1    wreg      unsigned char 
 Registers used:
		wreg, fsr0l, fsr0h, status,2, status,0
 Tracked objects:
		On entry : 
		On exit  : 
		Unchanged: 
 Data sizes:     COMMON   BANK0   BANK1   BANK3   BANK2
      Params:         0       2       0       0       0
      Locals:         0       2       0       0       0
      Temps:          0       4       0       0       0
      Totals:         0       8       0       0       0
Total ram usage:        8 bytes
 Hardware stack levels used:    1
 Hardware stack levels required when called:    1
 This function calls:
		Nothing
 This function is called by:
		_sendMatrix
		_legalPlay
		_drawFrom
		_playPeice
 This function uses a non-reentrant model


 *************** function _lcd_puts *****************
 Defined at:
		line 151 in file "lcd4bit/lcd4bits.c"
 Parameters:    Size  Location     Type
  string          2    4[BANK0 ] PTR const unsigned char 
		 -> STR_20(9), STR_19(14), STR_18(6), STR_17(6), 
		 -> STR_16(9), STR_15(14), STR_14(12), STR_13(11), 
		 -> STR_12(14), STR_11(8), STR_10(6), STR_9(14), 
		 -> STR_8(14), STR_7(13), STR_6(11), STR_4(10), 
		 -> STR_3(14), STR_2(9), STR_1(12), 
 Auto vars:     Size  Location     Type
		None
 Return value:  Size  Location     Type
                  1    wreg      void 
 Registers used:
		wreg, fsr0l, fsr0h, status,2, status,0, btemp+1, pclath, cstack
 Tracked objects:
		On entry : 
		On exit  : 
		Unchanged: 
 Data sizes:     COMMON   BANK0   BANK1   BANK3   BANK2
      Params:         0       2       0       0       0
      Locals:         0       0       0       0       0
      Temps:          0       1       0       0       0
      Totals:         0       3       0       0       0
Total ram usage:        3 bytes
 Hardware stack levels used:    1
 Hardware stack levels required when called:    4
 This function calls:
		_lcd_write
 This function is called by:
		_main
 This function uses a non-reentrant model


 *************** function _lcd_goto *****************
 Defined at:
		line 167 in file "lcd4bit/lcd4bits.c"
 Parameters:    Size  Location     Type
  position        1    wreg     unsigned char 
 Auto vars:     Size  Location     Type
  position        1    5[BANK0 ] unsigned char 
 Return value:  Size  Location     Type
                  1    wreg      void 
 Registers used:
		wreg, status,2, status,0, pclath, cstack
 Tracked objects:
		On entry : 
		On exit  : 
		Unchanged: 
 Data sizes:     COMMON   BANK0   BANK1   BANK3   BANK2
      Params:         0       0       0       0       0
      Locals:         0       1       0       0       0
      Temps:          0       1       0       0       0
      Totals:         0       2       0       0       0
Total ram usage:        2 bytes
 Hardware stack levels used:    1
 Hardware stack levels required when called:    4
 This function calls:
		_DelayMs
		_lcd_write
 This function is called by:
		_main
 This function uses a non-reentrant model


 *************** function _DelayMs *****************
 Defined at:
		line 87 in file "lcd4bit/lcd4bits.c"
 Parameters:    Size  Location     Type
  millis          2    0[BANK0 ] unsigned int 
 Auto vars:     Size  Location     Type
		None
 Return value:  Size  Location     Type
                  1    wreg      void 
 Registers used:
		wreg, status,2, status,0
 Tracked objects:
		On entry : 
		On exit  : 
		Unchanged: 
 Data sizes:     COMMON   BANK0   BANK1   BANK3   BANK2
      Params:         0       2       0       0       0
      Locals:         0       0       0       0       0
      Temps:          0       0       0       0       0
      Totals:         0       2       0       0       0
Total ram usage:        2 bytes
 Hardware stack levels used:    1
 Hardware stack levels required when called:    1
 This function calls:
		Nothing
 This function is called by:
		_lcd_clear
		_lcd_goto
		_lcd_init
		_main
 This function uses a non-reentrant model


 *************** function _getKeypadPressed *****************
 Defined at:
		line 280 in file "Othello.c"
 Parameters:    Size  Location     Type
		None
 Auto vars:     Size  Location     Type
  temp            1    3[BANK0 ] unsigned char 
  temp2           1    2[BANK0 ] unsigned char 
 Return value:  Size  Location     Type
                  1    wreg      unsigned char 
 Registers used:
		wreg, status,2, status,0
 Tracked objects:
		On entry : 
		On exit  : 
		Unchanged: 
 Data sizes:     COMMON   BANK0   BANK1   BANK3   BANK2
      Params:         0       0       0       0       0
      Locals:         0       2       0       0       0
      Temps:          0       2       0       0       0
      Totals:         0       4       0       0       0
Total ram usage:        4 bytes
 Hardware stack levels used:    1
 Hardware stack levels required when called:    1
 This function calls:
		Nothing
 This function is called by:
		_main
 This function uses a non-reentrant model


 *************** function _getKeypadKey *****************
 Defined at:
		line 251 in file "Othello.c"
 Parameters:    Size  Location     Type
		None
 Auto vars:     Size  Location     Type
  col             1    4[BANK0 ] unsigned char 
  temp            1    3[BANK0 ] unsigned char 
  temp2           1    2[BANK0 ] unsigned char 
 Return value:  Size  Location     Type
                  1    wreg      unsigned char 
 Registers used:
		wreg, fsr0l, fsr0h, status,2, status,0, btemp+1, pclath
 Tracked objects:
		On entry : 
		On exit  : 
		Unchanged: 
 Data sizes:     COMMON   BANK0   BANK1   BANK3   BANK2
      Params:         0       0       0       0       0
      Locals:         0       3       0       0       0
      Temps:          0       2       0       0       0
      Totals:         0       5       0       0       0
Total ram usage:        5 bytes
 Hardware stack levels used:    2
 Hardware stack levels required when called:    1
 This function calls:
		Nothing
 This function is called by:
		_main
 This function uses a non-reentrant model


 *************** function _drawMatrix *****************
 Defined at:
		line 207 in file "Othello.c"
 Parameters:    Size  Location     Type
		None
 Auto vars:     Size  Location     Type
  temp            1    9[BANK0 ] unsigned char 
 Return value:  Size  Location     Type
                  1    wreg      void 
 Registers used:
		wreg, fsr0l, fsr0h, status,2, status,0, pclath, cstack
 Tracked objects:
		On entry : 
		On exit  : 
		Unchanged: 
 Data sizes:     COMMON   BANK0   BANK1   BANK3   BANK2
      Params:         0       0       0       0       0
      Locals:         0       1       0       0       0
      Temps:          0       1       0       0       0
      Totals:         0       2       0       0       0
Total ram usage:        2 bytes
 Hardware stack levels used:    1
 Hardware stack levels required when called:    3
 This function calls:
		_I2C_SendAddress
		_I2C_SendByte
		_I2C_Start
		_I2C_Stop
 This function is called by:
		_main
 This function uses a non-reentrant model


 *************** function _I2C_Stop *****************
 Defined at:
		line 137 in file "i2c/i2c.c"
 Parameters:    Size  Location     Type
		None
 Auto vars:     Size  Location     Type
		None
 Return value:  Size  Location     Type
                  1    wreg      void 
 Registers used:
		wreg, status,2, status,0, pclath, cstack
 Tracked objects:
		On entry : 
		On exit  : 
		Unchanged: 
 Data sizes:     COMMON   BANK0   BANK1   BANK3   BANK2
      Params:         0       0       0       0       0
      Locals:         0       0       0       0       0
      Temps:          0       0       0       0       0
      Totals:         0       0       0       0       0
Total ram usage:        0 bytes
 Hardware stack levels used:    1
 Hardware stack levels required when called:    2
 This function calls:
		_I2C_Idle_Status
 This function is called by:
		_matrixSetup
		_drawMatrix
 This function uses a non-reentrant model


 *************** function _I2C_Start *****************
 Defined at:
		line 112 in file "i2c/i2c.c"
 Parameters:    Size  Location     Type
		None
 Auto vars:     Size  Location     Type
		None
 Return value:  Size  Location     Type
                  1    wreg      void 
 Registers used:
		wreg, status,2, status,0, pclath, cstack
 Tracked objects:
		On entry : 
		On exit  : 
		Unchanged: 
 Data sizes:     COMMON   BANK0   BANK1   BANK3   BANK2
      Params:         0       0       0       0       0
      Locals:         0       0       0       0       0
      Temps:          0       0       0       0       0
      Totals:         0       0       0       0       0
Total ram usage:        0 bytes
 Hardware stack levels used:    1
 Hardware stack levels required when called:    2
 This function calls:
		_I2C_Idle_Status
 This function is called by:
		_matrixSetup
		_drawMatrix
 This function uses a non-reentrant model


 *************** function _I2C_Idle_Status *****************
 Defined at:
		line 101 in file "i2c/i2c.c"
 Parameters:    Size  Location     Type
		None
 Auto vars:     Size  Location     Type
		None
 Return value:  Size  Location     Type
                  1    wreg      unsigned char 
 Registers used:
		wreg, status,2, status,0
 Tracked objects:
		On entry : 
		On exit  : 
		Unchanged: 
 Data sizes:     COMMON   BANK0   BANK1   BANK3   BANK2
      Params:         0       0       0       0       0
      Locals:         0       0       0       0       0
      Temps:          0       8       0       0       0
      Totals:         0       8       0       0       0
Total ram usage:        8 bytes
 Hardware stack levels used:    1
 Hardware stack levels required when called:    1
 This function calls:
		Nothing
 This function is called by:
		_I2C_Start
		_I2C_Stop
		_I2C_Restart
 This function uses a non-reentrant model


 *************** function _I2C_SendAddress *****************
 Defined at:
		line 172 in file "i2c/i2c.c"
 Parameters:    Size  Location     Type
  address         1    wreg     unsigned char 
  rw              1    1[BANK0 ] unsigned char 
 Auto vars:     Size  Location     Type
  address         1    2[BANK0 ] unsigned char 
 Return value:  Size  Location     Type
                  1    wreg      unsigned char 
 Registers used:
		wreg, status,2, status,0, pclath, cstack
 Tracked objects:
		On entry : 
		On exit  : 
		Unchanged: 
 Data sizes:     COMMON   BANK0   BANK1   BANK3   BANK2
      Params:         0       1       0       0       0
      Locals:         0       1       0       0       0
      Temps:          0       0       0       0       0
      Totals:         0       2       0       0       0
Total ram usage:        2 bytes
 Hardware stack levels used:    1
 Hardware stack levels required when called:    2
 This function calls:
		_I2C_SendByte
 This function is called by:
		_matrixSetup
		_drawMatrix
 This function uses a non-reentrant model


 *************** function _I2C_SendByte *****************
 Defined at:
		line 158 in file "i2c/i2c.c"
 Parameters:    Size  Location     Type
  data            1    wreg     unsigned char 
 Auto vars:     Size  Location     Type
  data            1    0[BANK0 ] unsigned char 
 Return value:  Size  Location     Type
                  1    wreg      unsigned char 
 Registers used:
		wreg, status,2, status,0
 Tracked objects:
		On entry : 
		On exit  : 
		Unchanged: 
 Data sizes:     COMMON   BANK0   BANK1   BANK3   BANK2
      Params:         0       0       0       0       0
      Locals:         0       1       0       0       0
      Temps:          1       0       0       0       0
      Totals:         1       1       0       0       0
Total ram usage:        2 bytes
 Hardware stack levels used:    1
 Hardware stack levels required when called:    1
 This function calls:
		Nothing
 This function is called by:
		_matrixSetup
		_drawMatrix
		_I2C_SendAddress
 This function uses a non-reentrant model


 *************** function _displayNuber *****************
 Defined at:
		line 404 in file "Othello.c"
 Parameters:    Size  Location     Type
  num             1    wreg     unsigned char 
 Auto vars:     Size  Location     Type
  num             1   10[BANK0 ] unsigned char 
 Return value:  Size  Location     Type
                  1    wreg      void 
 Registers used:
		wreg, status,2, status,0, pclath, cstack
 Tracked objects:
		On entry : 
		On exit  : 
		Unchanged: 
 Data sizes:     COMMON   BANK0   BANK1   BANK3   BANK2
      Params:         0       0       0       0       0
      Locals:         0       1       0       0       0
      Temps:          0       2       0       0       0
      Totals:         0       3       0       0       0
Total ram usage:        3 bytes
 Hardware stack levels used:    1
 Hardware stack levels required when called:    5
 This function calls:
		___awdiv
		___awmod
		_lcd_putch
 This function is called by:
		_main
 This function uses a non-reentrant model


 *************** function _lcd_putch *****************
 Defined at:
		line 157 in file "lcd4bit/lcd4bits.c"
 Parameters:    Size  Location     Type
  character       1    wreg     unsigned char 
 Auto vars:     Size  Location     Type
  character       1    5[BANK0 ] unsigned char 
 Return value:  Size  Location     Type
                  1    wreg      void 
 Registers used:
		wreg, status,2, status,0, pclath, cstack
 Tracked objects:
		On entry : 
		On exit  : 
		Unchanged: 
 Data sizes:     COMMON   BANK0   BANK1   BANK3   BANK2
      Params:         0       0       0       0       0
      Locals:         0       1       0       0       0
      Temps:          0       1       0       0       0
      Totals:         0       2       0       0       0
Total ram usage:        2 bytes
 Hardware stack levels used:    1
 Hardware stack levels required when called:    4
 This function calls:
		_lcd_write
 This function is called by:
		_displayNuber
		_main
 This function uses a non-reentrant model


 *************** function _lcd_write *****************
 Defined at:
		line 126 in file "lcd4bit/lcd4bits.c"
 Parameters:    Size  Location     Type
  mode            1    wreg     unsigned char 
  CmdChar         1    1[BANK0 ] unsigned char 
 Auto vars:     Size  Location     Type
  mode            1    3[BANK0 ] unsigned char 
 Return value:  Size  Location     Type
                  1    wreg      void 
 Registers used:
		wreg, status,2, status,0, pclath, cstack
 Tracked objects:
		On entry : 
		On exit  : 
		Unchanged: 
 Data sizes:     COMMON   BANK0   BANK1   BANK3   BANK2
      Params:         0       1       0       0       0
      Locals:         0       1       0       0       0
      Temps:          0       1       0       0       0
      Totals:         0       3       0       0       0
Total ram usage:        3 bytes
 Hardware stack levels used:    1
 Hardware stack levels required when called:    3
 This function calls:
		_Delay20us
		_LCD_strobe
 This function is called by:
		_lcd_clear
		_lcd_puts
		_lcd_putch
		_lcd_goto
		_lcd_init
 This function uses a non-reentrant model


 *************** function _LCD_strobe *****************
 Defined at:
		line 109 in file "lcd4bit/lcd4bits.c"
 Parameters:    Size  Location     Type
		None
 Auto vars:     Size  Location     Type
		None
 Return value:  Size  Location     Type
                  1    wreg      void 
 Registers used:
		wreg, status,2, status,0, pclath, cstack
 Tracked objects:
		On entry : 
		On exit  : 
		Unchanged: 
 Data sizes:     COMMON   BANK0   BANK1   BANK3   BANK2
      Params:         0       0       0       0       0
      Locals:         0       0       0       0       0
      Temps:          0       0       0       0       0
      Totals:         0       0       0       0       0
Total ram usage:        0 bytes
 Hardware stack levels used:    1
 Hardware stack levels required when called:    2
 This function calls:
		_Delay20us
 This function is called by:
		_lcd_write
 This function uses a non-reentrant model


 *************** function _Delay20us *****************
 Defined at:
		line 100 in file "lcd4bit/lcd4bits.c"
 Parameters:    Size  Location     Type
		None
 Auto vars:     Size  Location     Type
  next            1    0[BANK0 ] unsigned char 
 Return value:  Size  Location     Type
                  1    wreg      void 
 Registers used:
		wreg, status,2, status,0
 Tracked objects:
		On entry : 
		On exit  : 
		Unchanged: 
 Data sizes:     COMMON   BANK0   BANK1   BANK3   BANK2
      Params:         0       0       0       0       0
      Locals:         0       1       0       0       0
      Temps:          1       0       0       0       0
      Totals:         1       1       0       0       0
Total ram usage:        2 bytes
 Hardware stack levels used:    1
 Hardware stack levels required when called:    1
 This function calls:
		Nothing
 This function is called by:
		_LCD_strobe
		_lcd_write
 This function uses a non-reentrant model


 *************** function ___awmod *****************
 Defined at:
		line 6 in file "C:\Program Files (x86)\Microchip\xc8\v1.37\sources\common\awmod.c"
 Parameters:    Size  Location     Type
  divisor         2    0[BANK0 ] int 
  dividend        2    2[BANK0 ] int 
 Auto vars:     Size  Location     Type
  sign            1    5[BANK0 ] unsigned char 
  counter         1    4[BANK0 ] unsigned char 
 Return value:  Size  Location     Type
                  2    0[BANK0 ] int 
 Registers used:
		wreg, status,2, status,0
 Tracked objects:
		On entry : 
		On exit  : 
		Unchanged: 
 Data sizes:     COMMON   BANK0   BANK1   BANK3   BANK2
      Params:         0       4       0       0       0
      Locals:         0       2       0       0       0
      Temps:          1       0       0       0       0
      Totals:         1       6       0       0       0
Total ram usage:        7 bytes
 Hardware stack levels used:    1
 Hardware stack levels required when called:    1
 This function calls:
		Nothing
 This function is called by:
		_displayNuber
 This function uses a non-reentrant model


 *************** function ___awdiv *****************
 Defined at:
		line 6 in file "C:\Program Files (x86)\Microchip\xc8\v1.37\sources\common\awdiv.c"
 Parameters:    Size  Location     Type
  divisor         2    0[BANK0 ] int 
  dividend        2    2[BANK0 ] int 
 Auto vars:     Size  Location     Type
  quotient        2    6[BANK0 ] int 
  sign            1    5[BANK0 ] unsigned char 
  counter         1    4[BANK0 ] unsigned char 
 Return value:  Size  Location     Type
                  2    0[BANK0 ] int 
 Registers used:
		wreg, status,2, status,0
 Tracked objects:
		On entry : 
		On exit  : 
		Unchanged: 
 Data sizes:     COMMON   BANK0   BANK1   BANK3   BANK2
      Params:         0       4       0       0       0
      Locals:         0       4       0       0       0
      Temps:          1       0       0       0       0
      Totals:         1       8       0       0       0
Total ram usage:        9 bytes
 Hardware stack levels used:    1
 Hardware stack levels required when called:    1
 This function calls:
		Nothing
 This function is called by:
		_displayNuber
 This function uses a non-reentrant model


 *************** function _countColor *****************
 Defined at:
		line 391 in file "Othello.c"
 Parameters:    Size  Location     Type
  color           1    wreg     PTR unsigned char 
		 -> RedPos(8), GreenPos(8), AllPos(8), 
 Auto vars:     Size  Location     Type
  color           1    3[BANK0 ] PTR unsigned char 
		 -> RedPos(8), GreenPos(8), AllPos(8), 
  i               1    4[BANK0 ] unsigned char 
  temp            1    5[BANK0 ] unsigned char 
  count           1    2[BANK0 ] unsigned char 
 Return value:  Size  Location     Type
                  1    wreg      unsigned char 
 Registers used:
		wreg, fsr0l, fsr0h, status,2, status,0
 Tracked objects:
		On entry : 
		On exit  : 
		Unchanged: 
 Data sizes:     COMMON   BANK0   BANK1   BANK3   BANK2
      Params:         0       0       0       0       0
      Locals:         0       4       0       0       0
      Temps:          0       2       0       0       0
      Totals:         0       6       0       0       0
Total ram usage:        6 bytes
 Hardware stack levels used:    1
 Hardware stack levels required when called:    1
 This function calls:
		Nothing
 This function is called by:
		_main
 This function uses a non-reentrant model


 *************** function _checkFullBoard *****************
 Defined at:
		line 383 in file "Othello.c"
 Parameters:    Size  Location     Type
		None
 Auto vars:     Size  Location     Type
  i               1    0[BANK0 ] unsigned char 
 Return value:  Size  Location     Type
                  1    wreg      unsigned char 
 Registers used:
		wreg, fsr0l, fsr0h, status,2, status,0
 Tracked objects:
		On entry : 
		On exit  : 
		Unchanged: 
 Data sizes:     COMMON   BANK0   BANK1   BANK3   BANK2
      Params:         0       0       0       0       0
      Locals:         0       1       0       0       0
      Temps:          1       0       0       0       0
      Totals:         1       1       0       0       0
Total ram usage:        2 bytes
 Hardware stack levels used:    1
 Hardware stack levels required when called:    1
 This function calls:
		Nothing
 This function is called by:
		_main
 This function uses a non-reentrant model


 *************** function _OutCharMsg *****************
 Defined at:
		line 182 in file "Othello.c"
 Parameters:    Size  Location     Type
  string          2    0[BANK0 ] PTR const unsigned char 
		 -> STR_5(51), 
 Auto vars:     Size  Location     Type
		None
 Return value:  Size  Location     Type
                  1    wreg      void 
 Registers used:
		wreg, fsr0l, fsr0h, status,2, status,0, btemp+1, pclath, cstack
 Tracked objects:
		On entry : 
		On exit  : 
		Unchanged: 
 Data sizes:     COMMON   BANK0   BANK1   BANK3   BANK2
      Params:         0       2       0       0       0
      Locals:         0       0       0       0       0
      Temps:          0       0       0       0       0
      Totals:         0       2       0       0       0
Total ram usage:        2 bytes
 Hardware stack levels used:    1
 Hardware stack levels required when called:    2
 This function calls:
		_OutChar
 This function is called by:
		_main
 This function uses a non-reentrant model


 *************** function _OutChar *****************
 Defined at:
		line 172 in file "Othello.c"
 Parameters:    Size  Location     Type
  outchr          1    wreg     unsigned char 
 Auto vars:     Size  Location     Type
  outchr          1    5[COMMON] unsigned char 
 Return value:  Size  Location     Type
                  1    wreg      void 
 Registers used:
		wreg
 Tracked objects:
		On entry : 
		On exit  : 
		Unchanged: 
 Data sizes:     COMMON   BANK0   BANK1   BANK3   BANK2
      Params:         0       0       0       0       0
      Locals:         1       0       0       0       0
      Temps:          0       0       0       0       0
      Totals:         1       0       0       0       0
Total ram usage:        1 bytes
 Hardware stack levels used:    1
 Hardware stack levels required when called:    1
 This function calls:
		Nothing
 This function is called by:
		_OutCharMsg
		_sendMatrix
		_main
 This function uses a non-reentrant model


 *************** function _interrupt_handler *****************
 Defined at:
		line 66 in file "Othello.c"
 Parameters:    Size  Location     Type
		None
 Auto vars:     Size  Location     Type
		None
 Return value:  Size  Location     Type
                  1    wreg      void 
 Registers used:
		wreg, status,2, status,0
 Tracked objects:
		On entry : 
		On exit  : 
		Unchanged: 
 Data sizes:     COMMON   BANK0   BANK1   BANK3   BANK2
      Params:         0       0       0       0       0
      Locals:         0       0       0       0       0
      Temps:          5       0       0       0       0
      Totals:         5       0       0       0       0
Total ram usage:        5 bytes
 Hardware stack levels used:    1
 This function calls:
		Nothing
 This function is called by:
		Interrupt level 1
 This function uses a non-reentrant model



MODULE INFORMATION

Module		Function		Class		Link	Load	Size
i2c/i2c.c
		_I2C_SendAddress		CODE           	0060	0000	15
		_I2C_Stop      		CODE           	007C	0000	18
		_I2C_SendByte  		CODE           	00C5	0000	22
		_I2C_Idle_Status		CODE           	0228	0000	55
		_I2C_Initialize		CODE           	009E	0000	20
		_I2C_Start     		CODE           	006E	0000	15

i2c/i2c.c estimated size: 145

C:\Program Files (x86)\Microchip\xc8\v1.37\sources\common\awdiv.c
		___awdiv       		CODE           	03E1	0000	92

C:\Program Files (x86)\Microchip\xc8\v1.37\sources\common\awdiv.c estimated size: 92

lcd4bit/lcd4bits.c
		_lcd_puts      		CODE           	019E	0000	42
		_lcd_putch     		CODE           	0054	0000	13
		_DelayMs       		CODE           	00DA	0000	23
		_lcd_clear     		CODE           	00B1	0000	21
		_lcd_goto      		CODE           	00F0	0000	25
		_LCD_strobe    		CODE           	003E	0000	11
		_lcd_write     		CODE           	025E	0000	57
		_tmr0_init     		CODE           	0036	0000	9
		_lcd_init      		CODE           	043C	0000	93
		_Delay20us     		CODE           	0048	0000	13

lcd4bit/lcd4bits.c estimated size: 307

shared
		__stringtab    		STRCODE        	0800	0000	19
		_KEYS          		STRCODE        	0812	0000	17
		__initialization		CODE           	07EB	0000	18

shared estimated size: 54

Othello.c
		_displayNuber  		CODE           	01F2	0000	55
		_sendMatrix    		CODE           	04FD	0000	136
		_main          		CODE           	0584	0000	616
		_countColor    		CODE           	01C7	0000	44
		_drawMatrix    		CODE           	0309	0000	66
		_checkFullBoard		CODE           	0139	0000	27
		_matrixSetup   		CODE           	034A	0000	75
		_checkPositionFree		CODE           	0296	0000	58
		_setup         		CODE           	02CF	0000	59
		_OutChar       		CODE           	002E	0000	9
		_OutCharMsg    		CODE           	0153	0000	38
		_interrupt_handler		CODE           	0120	0000	26
		_getKeypadKey  		CODE           	0498	0000	102
		_getKeypadPressed		CODE           	0178	0000	39

Othello.c estimated size: 1350

C:\Program Files (x86)\Microchip\xc8\v1.37\sources\common\awmod.c
		___awmod       		CODE           	0394	0000	78

C:\Program Files (x86)\Microchip\xc8\v1.37\sources\common\awmod.c estimated size: 78

