Microchip MPLAB XC8 Compiler V1.37 ()

Linker command line:

-W-3 --edf=C:\Program Files (x86)\Microchip\xc8\v1.37\dat\en_msgs.txt -cs \
  -h+dist/default/production\Othello.X.production.sym \
  --cmf=dist/default/production\Othello.X.production.cmf -z -Q16F887 \
  -oC:\Users\hirschag\AppData\Local\Temp\scvk.2 \
  -Mdist/default/production/Othello.X.production.map -E1 -ver=XC8 \
  -ASTACK=0110h-016fh -pstack=STACK -ACODE=00h-07FFhx4 -ASTRCODE=00h-01FFFh \
  -ASTRING=00h-0FFhx32 -ACONST=00h-0FFhx32 -AENTRY=00h-0FFhx32 \
  -ACOMMON=070h-07Fh -ABANK0=020h-06Fh -ABANK1=0A0h-0EFh \
  -ABANK2=0110h-016Fh -ABANK3=0190h-01EFh \
  -ARAM=020h-06Fh,0A0h-0EFh,0110h-016Fh,0190h-01EFh \
  -AABS1=020h-07Fh,0A0h-0EFh,0110h-016Fh,0190h-01EFh -ASFR0=00h-01Fh \
  -ASFR1=080h-09Fh -ASFR2=0100h-010Fh -ASFR3=0180h-018Fh \
  -preset_vec=00h,intentry=04h,init,end_init -ppowerup=CODE -pcinit=CODE \
  -pfunctab=CODE -ACONFIG=02007h-02008h -pconfig=CONFIG -DCONFIG=2 \
  -AIDLOC=02000h-02003h -pidloc=IDLOC -DIDLOC=2 -AEEDATA=00h-0FFh/02100h \
  -peeprom_data=EEDATA -DEEDATA=2 -DCODE=2 -DSTRCODE=2 -DSTRING=2 -DCONST=2 \
  -DENTRY=2 -k C:\Users\hirschag\AppData\Local\Temp\scvk.obj \
  dist/default/production\Othello.X.production.obj 

Object code version is 3.11

Machine type is 16F887



                Name                               Link     Load   Length Selector   Space Scale
C:\Users\hirschag\AppData\Local\Temp\scvk.obj
                end_init                             12       12        3        8       0
                reset_vec                             0        0        3        0       0
                config                             2007     2007        2     400E       0
dist/default/production\Othello.X.production.obj
                cinit                                15       15       15        8       0
                intentry                              4        4        E        8       0
                text34                              C74      C74       19     18E8       0
                text33                              C44      C44       18     1888       0
                text32                              3CE      3CE       2B        8       0
                text31                              7A4      7A4       5B      ADC       0
                text30                              EA3      EA3       4D     1D46       0
                text29                              B84      B84        A     1708       0
                text28                              B8E      B8E        A     171C       0
                text27                              D6D      D6D       38     1ADA       0
                text26                              B98      B98        C     1730       0
                text25                              D01      D01       36     1A02       0
                text24                              C19      C19       15     1832       0
                text23                              BA4      BA4        E     1748       0
                text22                              D37      D37       36     1A6E       0
                text21                              BB2      BB2        E     1764       0
                text20                              BC0      BC0       11     1780       0
                text19                              E18      E18       41     1C30       0
                text18                              F9B      F9B       65     1F36       0
                text17                              CB2      CB2       26     1964       0
                text16                              BE2      BE2       12     17C4       0
                text15                              C2E      C2E       16     185C       0
                text14                              CD8      CD8       29     19B0       0
                text13                              DA5      DA5       39     1B4A       0
                text12                              701      701       A3      ADC       0
                text11                              EF0      EF0       51     1DE0       0
                text10                              56E      56E       EC      ADC       0
                text9                               B74      B74        8     16E8       0
                text8                               C8D      C8D       25     191A       0
                text7                               65A      65A       A7      ADC       0
                text6                               C06      C06       13     180C       0
                text5                               BF4      BF4       12     17E8       0
                text4                               B7C      B7C        8     16F8       0
                text3                               F41      F41       5A     1E82       0
                text2                               E59      E59       4A     1CB2       0
                text1                               DDE      DDE       3A     1BBC       0
                maintext                             2A       2A      3A4        8       0
                cstackBANK0                          20       20       26       20       1
                cstackCOMMON                         70       70        7       70       1
                inittext                            BD1      BD1       11     17A2       0
                dataBANK0                            46       46       18       20       1
                bssBANK0                             5E       5E        3       20       1
                bssCOMMON                            77       77        2       70       1
                stringtext                          400      400      16E        8       0
                idataBANK0                          C5C      C5C       18     18B8       0

TOTAL           Name                               Link     Load   Length     Space
        CLASS   STACK          

        CLASS   CODE           
                end_init                             12       12        3         0
                cinit                                15       15       15         0
                intentry                              4        4        E         0
                reset_vec                             0        0        3         0
                text34                              C74      C74       19         0
                text33                              C44      C44       18         0
                text32                              3CE      3CE       2B         0
                text31                              7A4      7A4       5B         0
                text30                              EA3      EA3       4D         0
                text29                              B84      B84        A         0
                text28                              B8E      B8E        A         0
                text27                              D6D      D6D       38         0
                text26                              B98      B98        C         0
                text25                              D01      D01       36         0
                text24                              C19      C19       15         0
                text23                              BA4      BA4        E         0
                text22                              D37      D37       36         0
                text21                              BB2      BB2        E         0
                text20                              BC0      BC0       11         0
                text19                              E18      E18       41         0
                text18                              F9B      F9B       65         0
                text17                              CB2      CB2       26         0
                text16                              BE2      BE2       12         0
                text15                              C2E      C2E       16         0
                text14                              CD8      CD8       29         0
                text13                              DA5      DA5       39         0
                text12                              701      701       A3         0
                text11                              EF0      EF0       51         0
                text10                              56E      56E       EC         0
                text9                               B74      B74        8         0
                text8                               C8D      C8D       25         0
                text7                               65A      65A       A7         0
                text6                               C06      C06       13         0
                text5                               BF4      BF4       12         0
                text4                               B7C      B7C        8         0
                text3                               F41      F41       5A         0
                text2                               E59      E59       4A         0
                text1                               DDE      DDE       3A         0
                maintext                             2A       2A      3A4         0
                inittext                            BD1      BD1       11         0
                idataBANK0                          C5C      C5C       18         0

        CLASS   STRCODE        
                stringtext                          400      400      16E         0

        CLASS   STRING         

        CLASS   CONST          

        CLASS   ENTRY          

        CLASS   COMMON         
                cstackCOMMON                         70       70        7         1
                bssCOMMON                            77       77        2         1

        CLASS   BANK0          
                cstackBANK0                          20       20       26         1
                dataBANK0                            46       46       18         1
                bssBANK0                             5E       5E        3         1

        CLASS   BANK1          

        CLASS   BANK2          

        CLASS   BANK3          

        CLASS   RAM            

        CLASS   ABS1           
                abs_s1                               7E       7E        2         1

        CLASS   SFR0           

        CLASS   SFR1           

        CLASS   SFR2           

        CLASS   SFR3           

        CLASS   CONFIG         
                config                             2007     2007        2         0

        CLASS   IDLOC          

        CLASS   EEDATA         



SEGMENTS        Name                           Load    Length   Top    Selector   Space  Class     Delta

                reset_vec                      000000  000003  000003         0       0  CODE        2
                intentry                       000004  0003F5  0003F9         8       0  CODE        2
                cstackBANK0                    000020  000041  000061        20       1  BANK0       1
                cstackCOMMON                   000070  000009  000079        70       1  COMMON      1
                stringtext                     000400  00016E  00056E         8       0  STRCODE     2
                text10                         00056E  000291  0007FF       ADC       0  CODE        2
                text9                          000B74  000008  000B7C      16E8       0  CODE        2
                text4                          000B7C  000008  000B84      16F8       0  CODE        2
                text29                         000B84  00000A  000B8E      1708       0  CODE        2
                text28                         000B8E  00000A  000B98      171C       0  CODE        2
                text26                         000B98  00000C  000BA4      1730       0  CODE        2
                text23                         000BA4  00000E  000BB2      1748       0  CODE        2
                text21                         000BB2  00000E  000BC0      1764       0  CODE        2
                text20                         000BC0  000011  000BD1      1780       0  CODE        2
                inittext                       000BD1  000011  000BE2      17A2       0  CODE        2
                text16                         000BE2  000012  000BF4      17C4       0  CODE        2
                text5                          000BF4  000012  000C06      17E8       0  CODE        2
                text6                          000C06  000013  000C19      180C       0  CODE        2
                text24                         000C19  000015  000C2E      1832       0  CODE        2
                text15                         000C2E  000016  000C44      185C       0  CODE        2
                text33                         000C44  000018  000C5C      1888       0  CODE        2
                idataBANK0                     000C5C  000018  000C74      18B8       0  CODE        2
                text34                         000C74  000019  000C8D      18E8       0  CODE        2
                text8                          000C8D  000025  000CB2      191A       0  CODE        2
                text17                         000CB2  000026  000CD8      1964       0  CODE        2
                text14                         000CD8  000029  000D01      19B0       0  CODE        2
                text25                         000D01  000036  000D37      1A02       0  CODE        2
                text22                         000D37  000036  000D6D      1A6E       0  CODE        2
                text27                         000D6D  000038  000DA5      1ADA       0  CODE        2
                text13                         000DA5  000039  000DDE      1B4A       0  CODE        2
                text1                          000DDE  00003A  000E18      1BBC       0  CODE        2
                text19                         000E18  000041  000E59      1C30       0  CODE        2
                text2                          000E59  00004A  000EA3      1CB2       0  CODE        2
                text30                         000EA3  00004D  000EF0      1D46       0  CODE        2
                text11                         000EF0  000051  000F41      1DE0       0  CODE        2
                text3                          000F41  00005A  000F9B      1E82       0  CODE        2
                text18                         000F9B  000065  001000      1F36       0  CODE        2
                config                         002007  000002  002009      400E       0  CONFIG      2


UNUSED ADDRESS RANGES

        Name                Unused          Largest block    Delta
        BANK0            0061-006F              F           1
        BANK1            00A0-00EF             50           1
        BANK2            0110-016F             60           1
        BANK3            0190-01EF             60           1
        CODE             0003-0003              1           2
                         03F9-03FF              7
                         07FF-0B73              1
                         1000-1FFF            800
        COMMON           0079-007D              5           1
        CONST            0003-0003              1           2
                         03F9-03FF              7
                         07FF-0B73            100
                         1000-1FFF            100
        EEDATA           2100-21FF            100           2
        ENTRY            0003-0003              1           2
                         03F9-03FF              7
                         07FF-0B73            100
                         1000-1FFF            100
        IDLOC            2000-2003              4           2
        RAM              0061-006F              F           1
                         00A0-00EF             50
                         0110-016F             60
                         0190-01EF             60
        SFR0             0000-001F             20           1
        SFR1             0080-009F             20           1
        SFR2             0100-010F             10           1
        SFR3             0180-018F             10           1
        STACK            0110-016F             60           1
        STRCODE          0003-0003              1           2
                         03F9-03FF              7
                         07FF-0B73            375
                         1000-1FFF           1000
        STRING           0003-0003              1           2
                         03F9-03FF              7
                         07FF-0B73            100
                         1000-1FFF            100

                                  Symbol Table

?___awdiv                    cstackBANK0  0020
?___awmod                    cstackBANK0  0020
Delay20us@next               cstackCOMMON 0076
DelayMs@millis               cstackCOMMON 0075
I2C_SendAddress@address      cstackBANK0  0021
I2C_SendAddress@rw           cstackBANK0  0020
I2C_SendByte@data            cstackCOMMON 0076
OutChar@outchr               cstackCOMMON 0075
OutCharMsg@string            cstackBANK0  0020
_ANSEL                       (abs)        0188
_ANSELH                      (abs)        0189
_AllPos                      dataBANK0    0046
_BCLIF                       (abs)        006B
_BRG16                       (abs)        0C3B
_BRGH                        (abs)        04C2
_CREN                        (abs)        00C4
_Delay20us                   text29       0B84
_DelayMs                     text16       0BE2
_GIE                         (abs)        005F
_GreenPos                    dataBANK0    004E
_I2C_Idle_Status             text22       0D37
_I2C_Initialize              text6        0C06
_I2C_SendAddress             text23       0BA4
_I2C_SendByte                text24       0C19
_I2C_Start                   text21       0BB2
_I2C_Stop                    text20       0BC0
_KEYS                        stringtext   0412
_LCDNextState                bssBANK0     005E
_LCDState                    bssBANK0     005F
_LCDStateCount               bssCOMMON    0077
_LCD_strobe                  text28       0B8E
_OPTION_REG                  (abs)        0081
_OutChar                     text9        0B74
_OutCharMsg                  text8        0C8D
_PEIE                        (abs)        005E
_PORTA                       (abs)        0005
_PORTB                       (abs)        0006
_RA0                         (abs)        0028
_RA1                         (abs)        0029
_RA2                         (abs)        002A
_RA3                         (abs)        002B
_RA4                         (abs)        002C
_RA5                         (abs)        002D
_RCIF                        (abs)        0065
_RCREG                       (abs)        001A
_RD1                         (abs)        0041
_RedPos                      dataBANK0    0056
_SPBRG                       (abs)        0099
_SPEN                        (abs)        00C7
_SSPADD                      (abs)        0093
_SSPBUF                      (abs)        0013
_SSPCON                      (abs)        0014
_SSPCON2                     (abs)        0091
_SSPCON2bits                 (abs)        0091
_SSPIF                       (abs)        0063
_SSPSTAT                     (abs)        0094
_SSPSTATbits                 (abs)        0094
_SYNC                        (abs)        04C4
_T0IF                        (abs)        005A
_T1CKPS0                     (abs)        0084
_T1CKPS1                     (abs)        0085
_TMR0                        (abs)        0001
_TMR1CS                      (abs)        0081
_TMR1GE                      (abs)        0086
_TMR1IE                      (abs)        0460
_TMR1IF                      (abs)        0060
_TMR1ON                      (abs)        0080
_TRISA                       (abs)        0085
_TRISB                       (abs)        0086
_TRISC                       (abs)        0087
_TRISC3                      (abs)        043B
_TRISC4                      (abs)        043C
_TRISD                       (abs)        0088
_TXEN                        (abs)        04C5
_TXIF                        (abs)        0064
_TXREG                       (abs)        0019
__CFG_BOR4V$BOR21V           (abs)        0000
__CFG_BOREN$OFF              (abs)        0000
__CFG_CP$OFF                 (abs)        0000
__CFG_CPD$OFF                (abs)        0000
__CFG_FCMEN$OFF              (abs)        0000
__CFG_FOSC$HS                (abs)        0000
__CFG_IESO$OFF               (abs)        0000
__CFG_LVP$OFF                (abs)        0000
__CFG_MCLRE$ON               (abs)        0000
__CFG_PWRTE$OFF              (abs)        0000
__CFG_WDTE$OFF               (abs)        0000
__CFG_WRT$OFF                (abs)        0000
__Habs1                      abs1         0000
__Hbank0                     bank0        0000
__Hbank1                     bank1        0000
__Hbank2                     bank2        0000
__Hbank3                     bank3        0000
__HbssBANK0                  bssBANK0     0000
__HbssCOMMON                 bssCOMMON    0000
__Hcinit                     cinit        002A
__Hclrtext                   clrtext      0000
__Hcode                      code         0000
__Hcommon                    common       0000
__Hconfig                    config       2009
__HcstackBANK0               cstackBANK0  0000
__HcstackCOMMON              cstackCOMMON 0000
__HdataBANK0                 dataBANK0    0000
__Heeprom_data               eeprom_data  0000
__Hend_init                  end_init     0015
__Hfunctab                   functab      0000
__HidataBANK0                idataBANK0   0000
__Hidloc                     idloc        0000
__Hinit                      init         0012
__Hinittext                  inittext     0000
__Hintentry                  intentry     0012
__Hmaintext                  maintext     0000
__Hpowerup                   powerup      0000
__Hram                       ram          0000
__Hreset_vec                 reset_vec    0003
__Hsfr0                      sfr0         0000
__Hsfr1                      sfr1         0000
__Hsfr2                      sfr2         0000
__Hsfr3                      sfr3         0000
__Hspace_0                   (abs)        2009
__Hspace_1                   (abs)        0079
__Hspace_2                   (abs)        0000
__Hspace_3                   (abs)        0000
__Hstack                     stack        0000
__Hstrings                   strings      0000
__Hstringtext                stringtext   0000
__Htext                      text         0000
__Labs1                      abs1         0000
__Lbank0                     bank0        0000
__Lbank1                     bank1        0000
__Lbank2                     bank2        0000
__Lbank3                     bank3        0000
__LbssBANK0                  bssBANK0     0000
__LbssCOMMON                 bssCOMMON    0000
__Lcinit                     cinit        0015
__Lclrtext                   clrtext      0000
__Lcode                      code         0000
__Lcommon                    common       0000
__Lconfig                    config       2007
__LcstackBANK0               cstackBANK0  0000
__LcstackCOMMON              cstackCOMMON 0000
__LdataBANK0                 dataBANK0    0000
__Leeprom_data               eeprom_data  0000
__Lend_init                  end_init     0012
__Lfunctab                   functab      0000
__LidataBANK0                idataBANK0   0000
__Lidloc                     idloc        0000
__Linit                      init         0012
__Linittext                  inittext     0000
__Lintentry                  intentry     0004
__Lmaintext                  maintext     0000
__Lpowerup                   powerup      0000
__Lram                       ram          0000
__Lreset_vec                 reset_vec    0000
__Lsfr0                      sfr0         0000
__Lsfr1                      sfr1         0000
__Lsfr2                      sfr2         0000
__Lsfr3                      sfr3         0000
__Lspace_0                   (abs)        0000
__Lspace_1                   (abs)        0000
__Lspace_2                   (abs)        0000
__Lspace_3                   (abs)        0000
__Lstack                     stack        0000
__Lstrings                   strings      0000
__Lstringtext                stringtext   0000
__Ltext                      text         0000
__S0                         (abs)        2009
__S1                         (abs)        0079
__S2                         (abs)        0000
__S3                         (abs)        0000
___awdiv                     text31       07A4
___awdiv@counter             cstackBANK0  0024
___awdiv@dividend            cstackBANK0  0022
___awdiv@divisor             cstackBANK0  0020
___awdiv@quotient            cstackBANK0  0026
___awdiv@sign                cstackBANK0  0025
___awmod                     text30       0EA3
___awmod@counter             cstackBANK0  0024
___awmod@dividend            cstackBANK0  0022
___awmod@divisor             cstackBANK0  0020
___awmod@sign                cstackBANK0  0025
___int_sp                    stack        0000
___latbits                   (abs)        0002
___sp                        stack        0000
__end_of_Delay20us           text29       0B8E
__end_of_DelayMs             text16       0BF4
__end_of_I2C_Idle_Status     text22       0D6D
__end_of_I2C_Initialize      text6        0C19
__end_of_I2C_SendAddress     text23       0BB2
__end_of_I2C_SendByte        text24       0C2E
__end_of_I2C_Start           text21       0BC0
__end_of_I2C_Stop            text20       0BD1
__end_of_KEYS                stringtext   0422
__end_of_LCD_strobe          text28       0B98
__end_of_OutChar             text9        0B7C
__end_of_OutCharMsg          text8        0CB2
__end_of___awdiv             text31       07FF
__end_of___awmod             text30       0EF0
__end_of__initialization     cinit        0026
__end_of__stringtab          stringtext   0412
__end_of_checkFullBoard      text33       0C5C
__end_of_checkPositionFree   text13       0DDE
__end_of_countColor          text32       03F9
__end_of_displayNuber        text25       0D37
__end_of_drawFrom            text11       0F41
__end_of_drawMatrix          text19       0E59
__end_of_getKeypadKey        text18       1000
__end_of_getKeypadPressed    text17       0CD8
__end_of_interrupt_handler   text34       0C8D
__end_of_lcd_clear           text5        0C06
__end_of_lcd_goto            text15       0C44
__end_of_lcd_init            text3        0F9B
__end_of_lcd_putch           text26       0BA4
__end_of_lcd_puts            text14       0D01
__end_of_lcd_write           text27       0DA5
__end_of_legalPlay           text12       07A4
__end_of_main                maintext     03CE
__end_of_matrixSetup         text2        0EA3
__end_of_playPeice           text10       065A
__end_of_sendMatrix          text7        0701
__end_of_setup               text1        0E18
__end_of_tmr0_init           text4        0B84
__initialization             cinit        0015
__pbssBANK0                  bssBANK0     005E
__pbssCOMMON                 bssCOMMON    0077
__pcstackBANK0               cstackBANK0  0020
__pcstackCOMMON              cstackCOMMON 0070
__pdataBANK0                 dataBANK0    0046
__pidataBANK0                idataBANK0   0C5C
__pintentry                  intentry     0004
__pmaintext                  maintext     002A
__pstringtext                stringtext   0400
__ptext1                     text1        0DDE
__ptext10                    text10       056E
__ptext11                    text11       0EF0
__ptext12                    text12       0701
__ptext13                    text13       0DA5
__ptext14                    text14       0CD8
__ptext15                    text15       0C2E
__ptext16                    text16       0BE2
__ptext17                    text17       0CB2
__ptext18                    text18       0F9B
__ptext19                    text19       0E18
__ptext2                     text2        0E59
__ptext20                    text20       0BC0
__ptext21                    text21       0BB2
__ptext22                    text22       0D37
__ptext23                    text23       0BA4
__ptext24                    text24       0C19
__ptext25                    text25       0D01
__ptext26                    text26       0B98
__ptext27                    text27       0D6D
__ptext28                    text28       0B8E
__ptext29                    text29       0B84
__ptext3                     text3        0F41
__ptext30                    text30       0EA3
__ptext31                    text31       07A4
__ptext32                    text32       03CE
__ptext33                    text33       0C44
__ptext34                    text34       0C74
__ptext4                     text4        0B7C
__ptext5                     text5        0BF4
__ptext6                     text6        0C06
__ptext7                     text7        065A
__ptext8                     text8        0C8D
__ptext9                     text9        0B74
__size_of_Delay20us          (abs)        0000
__size_of_DelayMs            (abs)        0000
__size_of_I2C_Idle_Status    (abs)        0000
__size_of_I2C_Initialize     (abs)        0000
__size_of_I2C_SendAddress    (abs)        0000
__size_of_I2C_SendByte       (abs)        0000
__size_of_I2C_Start          (abs)        0000
__size_of_I2C_Stop           (abs)        0000
__size_of_LCD_strobe         (abs)        0000
__size_of_OutChar            (abs)        0000
__size_of_OutCharMsg         (abs)        0000
__size_of___awdiv            (abs)        0000
__size_of___awmod            (abs)        0000
__size_of_checkFullBoard     (abs)        0000
__size_of_checkPositionFree  (abs)        0000
__size_of_countColor         (abs)        0000
__size_of_displayNuber       (abs)        0000
__size_of_drawFrom           (abs)        0000
__size_of_drawMatrix         (abs)        0000
__size_of_getKeypadKey       (abs)        0000
__size_of_getKeypadPressed   (abs)        0000
__size_of_interrupt_handler  (abs)        0000
__size_of_lcd_clear          (abs)        0000
__size_of_lcd_goto           (abs)        0000
__size_of_lcd_init           (abs)        0000
__size_of_lcd_putch          (abs)        0000
__size_of_lcd_puts           (abs)        0000
__size_of_lcd_write          (abs)        0000
__size_of_legalPlay          (abs)        0000
__size_of_main               (abs)        0000
__size_of_matrixSetup        (abs)        0000
__size_of_playPeice          (abs)        0000
__size_of_sendMatrix         (abs)        0000
__size_of_setup              (abs)        0000
__size_of_tmr0_init          (abs)        0000
__stringbase                 stringtext   0412
__stringtab                  stringtext   0400
_checkFullBoard              text33       0C44
_checkPositionFree           text13       0DA5
_color                       bssBANK0     0060
_countColor                  text32       03CE
_displayNuber                text25       0D01
_drawFrom                    text11       0EF0
_drawMatrix                  text19       0E18
_getKeypadKey                text18       0F9B
_getKeypadPressed            text17       0CB2
_interrupt_handler           text34       0C74
_lcd_clear                   text5        0BF4
_lcd_goto                    text15       0C2E
_lcd_init                    text3        0F41
_lcd_putch                   text26       0B98
_lcd_puts                    text14       0CD8
_lcd_write                   text27       0D6D
_legalPlay                   text12       0701
_main                        maintext     002A
_matrixSetup                 text2        0E59
_nRBPU                       (abs)        040F
_playPeice                   text10       056E
_sendMatrix                  text7        065A
_setup                       text1        0DDE
_tmr0_init                   text4        0B7C
btemp                        (abs)        007E
checkFullBoard@i             cstackCOMMON 0076
checkPositionFree@col        cstackCOMMON 0075
checkPositionFree@colorArray cstackCOMMON 0076
checkPositionFree@row        cstackBANK0  0024
checkPositionFree@temp       cstackBANK0  0025
countColor@color             cstackBANK0  0023
countColor@count             cstackBANK0  0020
countColor@i                 cstackBANK0  0021
countColor@temp              cstackBANK0  0022
displayNuber@num             cstackBANK0  002A
drawFrom@c                   cstackBANK0  0028
drawFrom@col                 cstackBANK0  0026
drawFrom@otherColor          cstackBANK0  002A
drawFrom@ownColor            cstackBANK0  0029
drawFrom@r                   cstackBANK0  0027
drawFrom@row                 cstackBANK0  0030
drawMatrix@temp              cstackBANK0  0029
end_of_initialization        cinit        0026
getKeypadKey@col             cstackBANK0  0022
getKeypadKey@temp            cstackBANK0  0021
getKeypadKey@temp2           cstackBANK0  0020
getKeypadPressed@temp        cstackBANK0  0021
getKeypadPressed@temp2       cstackBANK0  0020
init_fetch0                  inittext     0BD1
init_ram0                    inittext     0BD5
interrupt_function           intentry     0004
intlevel0                    functab      0000
intlevel1                    functab      0000
intlevel2                    functab      0000
intlevel3                    functab      0000
intlevel4                    functab      0000
intlevel5                    functab      0000
lcd_goto@position            cstackBANK0  0024
lcd_putch@character          cstackBANK0  0024
lcd_puts@string              cstackBANK0  0023
lcd_write@CmdChar            cstackBANK0  0020
lcd_write@mode               cstackBANK0  0022
legalPlay@c                  cstackBANK0  002E
legalPlay@col                cstackBANK0  0026
legalPlay@line               cstackBANK0  002B
legalPlay@nextC              cstackBANK0  0030
legalPlay@nextR              cstackBANK0  002F
legalPlay@otherColor         cstackBANK0  0028
legalPlay@ownColor           cstackBANK0  0027
legalPlay@r                  cstackBANK0  002D
legalPlay@row                cstackBANK0  002C
ltemp                        (abs)        007E
ltemp0                       (abs)        007E
ltemp1                       (abs)        0082
ltemp2                       (abs)        0086
ltemp3                       (abs)        0080
main@col                     cstackBANK0  0045
main@row                     cstackBANK0  0044
main@temp                    cstackBANK0  0042
playPeice@c                  cstackBANK0  003E
playPeice@col                cstackBANK0  0031
playPeice@line               cstackBANK0  0039
playPeice@nextC              cstackBANK0  003B
playPeice@nextR              cstackBANK0  003A
playPeice@otherColor         cstackBANK0  0033
playPeice@ownColor           cstackBANK0  0032
playPeice@r                  cstackBANK0  003D
playPeice@row                cstackBANK0  003C
reset_vec                    reset_vec    0000
saved_w                      (abs)        007E
sendMatrix@PointerC          cstackBANK0  0026
sendMatrix@PointerR          cstackBANK0  0029
sendMatrix@c                 cstackBANK0  002A
sendMatrix@r                 cstackBANK0  002B
stackhi                      (abs)        0000
stacklo                      (abs)        0000
start                        init         0012
start_initialization         cinit        0015
ttemp                        (abs)        007E
ttemp0                       (abs)        007E
ttemp1                       (abs)        0081
ttemp2                       (abs)        0084
ttemp3                       (abs)        0087
ttemp4                       (abs)        007F
wtemp                        (abs)        007E
wtemp0                       (abs)        007E
wtemp1                       (abs)        0080
wtemp2                       (abs)        0082
wtemp3                       (abs)        0084
wtemp4                       (abs)        0086
wtemp5                       (abs)        0088
wtemp6                       (abs)        007F


FUNCTION INFORMATION:

 *************** function _main *****************
 Defined at:
		line 414 in file "Othello.c"
 Parameters:    Size  Location     Type
		None
 Auto vars:     Size  Location     Type
  temp            2   34[BANK0 ] unsigned int 
  col             1   37[BANK0 ] unsigned char 
  row             1   36[BANK0 ] unsigned char 
 Return value:  Size  Location     Type
                  1    wreg      void 
 Registers used:
		wreg, fsr0l, fsr0h, status,2, status,0, btemp+1, pclath, cstack
 Tracked objects:
		On entry : 
		On exit  : 
		Unchanged: 
 Data sizes:     COMMON   BANK0   BANK1   BANK3   BANK2
      Params:         0       0       0       0       0
      Locals:         0       4       0       0       0
      Temps:          0       3       0       0       0
      Totals:         0       7       0       0       0
Total ram usage:        7 bytes
 Hardware stack levels required when called:    7
 This function calls:
		_DelayMs
		_OutChar
		_OutCharMsg
		_checkFullBoard
		_countColor
		_displayNuber
		_drawMatrix
		_getKeypadKey
		_getKeypadPressed
		_lcd_clear
		_lcd_goto
		_lcd_putch
		_lcd_puts
		_legalPlay
		_playPeice
		_sendMatrix
		_setup
 This function is called by:
		Startup code after reset
 This function uses a non-reentrant model


 *************** function _setup *****************
 Defined at:
		line 121 in file "Othello.c"
 Parameters:    Size  Location     Type
		None
 Auto vars:     Size  Location     Type
		None
 Return value:  Size  Location     Type
                  1    wreg      void 
 Registers used:
		wreg, status,2, status,0, pclath, cstack
 Tracked objects:
		On entry : 
		On exit  : 
		Unchanged: 
 Data sizes:     COMMON   BANK0   BANK1   BANK3   BANK2
      Params:         0       0       0       0       0
      Locals:         0       0       0       0       0
      Temps:          0       0       0       0       0
      Totals:         0       0       0       0       0
Total ram usage:        0 bytes
 Hardware stack levels used:    1
 Hardware stack levels required when called:    6
 This function calls:
		_I2C_Initialize
		_lcd_init
		_matrixSetup
 This function is called by:
		_main
 This function uses a non-reentrant model


 *************** function _matrixSetup *****************
 Defined at:
		line 92 in file "Othello.c"
 Parameters:    Size  Location     Type
		None
 Auto vars:     Size  Location     Type
		None
 Return value:  Size  Location     Type
                  1    wreg      void 
 Registers used:
		wreg, status,2, status,0, pclath, cstack
 Tracked objects:
		On entry : 
		On exit  : 
		Unchanged: 
 Data sizes:     COMMON   BANK0   BANK1   BANK3   BANK2
      Params:         0       0       0       0       0
      Locals:         0       0       0       0       0
      Temps:          0       0       0       0       0
      Totals:         0       0       0       0       0
Total ram usage:        0 bytes
 Hardware stack levels used:    1
 Hardware stack levels required when called:    3
 This function calls:
		_I2C_SendAddress
		_I2C_SendByte
		_I2C_Start
		_I2C_Stop
 This function is called by:
		_setup
 This function uses a non-reentrant model


 *************** function _lcd_init *****************
 Defined at:
		line 176 in file "lcd4bit/lcd4bits.c"
 Parameters:    Size  Location     Type
		None
 Auto vars:     Size  Location     Type
		None
 Return value:  Size  Location     Type
                  1    wreg      void 
 Registers used:
		wreg, status,2, status,0, pclath, cstack
 Tracked objects:
		On entry : 
		On exit  : 
		Unchanged: 
 Data sizes:     COMMON   BANK0   BANK1   BANK3   BANK2
      Params:         0       0       0       0       0
      Locals:         0       0       0       0       0
      Temps:          0       1       0       0       0
      Totals:         0       1       0       0       0
Total ram usage:        1 bytes
 Hardware stack levels used:    1
 Hardware stack levels required when called:    5
 This function calls:
		_DelayMs
		_lcd_clear
		_lcd_write
		_tmr0_init
 This function is called by:
		_setup
 This function uses a non-reentrant model


 *************** function _tmr0_init *****************
 Defined at:
		line 73 in file "lcd4bit/lcd4bits.c"
 Parameters:    Size  Location     Type
		None
 Auto vars:     Size  Location     Type
		None
 Return value:  Size  Location     Type
                  1    wreg      void 
 Registers used:
		wreg, status,2, status,0
 Tracked objects:
		On entry : 
		On exit  : 
		Unchanged: 
 Data sizes:     COMMON   BANK0   BANK1   BANK3   BANK2
      Params:         0       0       0       0       0
      Locals:         0       0       0       0       0
      Temps:          1       0       0       0       0
      Totals:         1       0       0       0       0
Total ram usage:        1 bytes
 Hardware stack levels used:    1
 Hardware stack levels required when called:    1
 This function calls:
		Nothing
 This function is called by:
		_lcd_init
 This function uses a non-reentrant model


 *************** function _lcd_clear *****************
 Defined at:
		line 145 in file "lcd4bit/lcd4bits.c"
 Parameters:    Size  Location     Type
		None
 Auto vars:     Size  Location     Type
		None
 Return value:  Size  Location     Type
                  1    wreg      void 
 Registers used:
		wreg, status,2, status,0, pclath, cstack
 Tracked objects:
		On entry : 
		On exit  : 
		Unchanged: 
 Data sizes:     COMMON   BANK0   BANK1   BANK3   BANK2
      Params:         0       0       0       0       0
      Locals:         0       0       0       0       0
      Temps:          0       0       0       0       0
      Totals:         0       0       0       0       0
Total ram usage:        0 bytes
 Hardware stack levels used:    1
 Hardware stack levels required when called:    4
 This function calls:
		_DelayMs
		_lcd_write
 This function is called by:
		_lcd_init
		_main
 This function uses a non-reentrant model


 *************** function _I2C_Initialize *****************
 Defined at:
		line 73 in file "i2c/i2c.c"
 Parameters:    Size  Location     Type
		None
 Auto vars:     Size  Location     Type
		None
 Return value:  Size  Location     Type
                  1    wreg      void 
 Registers used:
		wreg, status,2
 Tracked objects:
		On entry : 
		On exit  : 
		Unchanged: 
 Data sizes:     COMMON   BANK0   BANK1   BANK3   BANK2
      Params:         0       0       0       0       0
      Locals:         0       0       0       0       0
      Temps:          0       0       0       0       0
      Totals:         0       0       0       0       0
Total ram usage:        0 bytes
 Hardware stack levels used:    1
 Hardware stack levels required when called:    1
 This function calls:
		Nothing
 This function is called by:
		_setup
 This function uses a non-reentrant model


 *************** function _sendMatrix *****************
 Defined at:
		line 219 in file "Othello.c"
 Parameters:    Size  Location     Type
  PointerR        1    wreg     unsigned char 
  PointerC        1    6[BANK0 ] unsigned char 
 Auto vars:     Size  Location     Type
  PointerR        1    9[BANK0 ] unsigned char 
  c               1   10[BANK0 ] unsigned char 
  r               1   11[BANK0 ] unsigned char 
 Return value:  Size  Location     Type
                  1    wreg      void 
 Registers used:
		wreg, fsr0l, fsr0h, status,2, status,0, btemp+1, pclath, cstack
 Tracked objects:
		On entry : 
		On exit  : 
		Unchanged: 
 Data sizes:     COMMON   BANK0   BANK1   BANK3   BANK2
      Params:         0       1       0       0       0
      Locals:         0       3       0       0       0
      Temps:          0       2       0       0       0
      Totals:         0       6       0       0       0
Total ram usage:        6 bytes
 Hardware stack levels used:    1
 Hardware stack levels required when called:    3
 This function calls:
		_OutChar
		_OutCharMsg
		_checkPositionFree
 This function is called by:
		_main
 This function uses a non-reentrant model


 *************** function _OutCharMsg *****************
 Defined at:
		line 182 in file "Othello.c"
 Parameters:    Size  Location     Type
  string          2    0[BANK0 ] PTR const unsigned char 
		 -> STR_26(51), STR_6(51), STR_1(10), 
 Auto vars:     Size  Location     Type
		None
 Return value:  Size  Location     Type
                  1    wreg      void 
 Registers used:
		wreg, fsr0l, fsr0h, status,2, status,0, btemp+1, pclath, cstack
 Tracked objects:
		On entry : 
		On exit  : 
		Unchanged: 
 Data sizes:     COMMON   BANK0   BANK1   BANK3   BANK2
      Params:         0       2       0       0       0
      Locals:         0       0       0       0       0
      Temps:          0       0       0       0       0
      Totals:         0       2       0       0       0
Total ram usage:        2 bytes
 Hardware stack levels used:    1
 Hardware stack levels required when called:    2
 This function calls:
		_OutChar
 This function is called by:
		_sendMatrix
		_main
 This function uses a non-reentrant model


 *************** function _OutChar *****************
 Defined at:
		line 172 in file "Othello.c"
 Parameters:    Size  Location     Type
  outchr          1    wreg     unsigned char 
 Auto vars:     Size  Location     Type
  outchr          1    5[COMMON] unsigned char 
 Return value:  Size  Location     Type
                  1    wreg      void 
 Registers used:
		wreg
 Tracked objects:
		On entry : 
		On exit  : 
		Unchanged: 
 Data sizes:     COMMON   BANK0   BANK1   BANK3   BANK2
      Params:         0       0       0       0       0
      Locals:         1       0       0       0       0
      Temps:          0       0       0       0       0
      Totals:         1       0       0       0       0
Total ram usage:        1 bytes
 Hardware stack levels used:    1
 Hardware stack levels required when called:    1
 This function calls:
		Nothing
 This function is called by:
		_OutCharMsg
		_sendMatrix
		_main
 This function uses a non-reentrant model


 *************** function _playPeice *****************
 Defined at:
		line 349 in file "Othello.c"
 Parameters:    Size  Location     Type
  row             1    wreg     unsigned char 
  col             1   17[BANK0 ] unsigned char 
  ownColor        1   18[BANK0 ] PTR unsigned char 
		 -> RedPos(8), GreenPos(8), 
  otherColor      1   19[BANK0 ] PTR unsigned char 
		 -> RedPos(8), GreenPos(8), 
 Auto vars:     Size  Location     Type
  row             1   28[BANK0 ] unsigned char 
  c               1   30[BANK0 ] char 
  r               1   29[BANK0 ] char 
  nextC           1   27[BANK0 ] unsigned char 
  nextR           1   26[BANK0 ] unsigned char 
  line            1   25[BANK0 ] unsigned char 
 Return value:  Size  Location     Type
                  1    wreg      void 
 Registers used:
		wreg, fsr0l, fsr0h, status,2, status,0, pclath, cstack
 Tracked objects:
		On entry : 
		On exit  : 
		Unchanged: 
 Data sizes:     COMMON   BANK0   BANK1   BANK3   BANK2
      Params:         0       3       0       0       0
      Locals:         0       6       0       0       0
      Temps:          0       5       0       0       0
      Totals:         0      14       0       0       0
Total ram usage:       14 bytes
 Hardware stack levels used:    1
 Hardware stack levels required when called:    3
 This function calls:
		_checkPositionFree
		_drawFrom
 This function is called by:
		_main
 This function uses a non-reentrant model


 *************** function _drawFrom *****************
 Defined at:
		line 339 in file "Othello.c"
 Parameters:    Size  Location     Type
  row             1    wreg     unsigned char 
  col             1    6[BANK0 ] unsigned char 
  r               1    7[BANK0 ] unsigned char 
  c               1    8[BANK0 ] unsigned char 
  ownColor        1    9[BANK0 ] PTR unsigned char 
		 -> RedPos(8), GreenPos(8), 
  otherColor      1   10[BANK0 ] PTR unsigned char 
		 -> RedPos(8), GreenPos(8), 
 Auto vars:     Size  Location     Type
  row             1   16[BANK0 ] unsigned char 
 Return value:  Size  Location     Type
                  1    wreg      void 
 Registers used:
		wreg, fsr0l, fsr0h, status,2, status,0, pclath, cstack
 Tracked objects:
		On entry : 
		On exit  : 
		Unchanged: 
 Data sizes:     COMMON   BANK0   BANK1   BANK3   BANK2
      Params:         0       5       0       0       0
      Locals:         0       1       0       0       0
      Temps:          0       5       0       0       0
      Totals:         0      11       0       0       0
Total ram usage:       11 bytes
 Hardware stack levels used:    1
 Hardware stack levels required when called:    2
 This function calls:
		_checkPositionFree
 This function is called by:
		_playPeice
 This function uses a non-reentrant model


 *************** function _legalPlay *****************
 Defined at:
		line 301 in file "Othello.c"
 Parameters:    Size  Location     Type
  row             1    wreg     unsigned char 
  col             1    6[BANK0 ] unsigned char 
  ownColor        1    7[BANK0 ] PTR unsigned char 
		 -> RedPos(8), GreenPos(8), 
  otherColor      1    8[BANK0 ] PTR unsigned char 
		 -> RedPos(8), GreenPos(8), 
 Auto vars:     Size  Location     Type
  row             1   12[BANK0 ] unsigned char 
  nextC           1   16[BANK0 ] unsigned char 
  nextR           1   15[BANK0 ] unsigned char 
  c               1   14[BANK0 ] char 
  r               1   13[BANK0 ] char 
  line            1   11[BANK0 ] unsigned char 
 Return value:  Size  Location     Type
                  1    wreg      unsigned char 
 Registers used:
		wreg, fsr0l, fsr0h, status,2, status,0, pclath, cstack
 Tracked objects:
		On entry : 
		On exit  : 
		Unchanged: 
 Data sizes:     COMMON   BANK0   BANK1   BANK3   BANK2
      Params:         0       3       0       0       0
      Locals:         0       6       0       0       0
      Temps:          0       2       0       0       0
      Totals:         0      11       0       0       0
Total ram usage:       11 bytes
 Hardware stack levels used:    1
 Hardware stack levels required when called:    2
 This function calls:
		_checkPositionFree
 This function is called by:
		_main
 This function uses a non-reentrant model


 *************** function _checkPositionFree *****************
 Defined at:
		line 199 in file "Othello.c"
 Parameters:    Size  Location     Type
  row             1    wreg     unsigned char 
  col             1    5[COMMON] unsigned char 
  colorArray      1    6[COMMON] PTR unsigned char 
		 -> RedPos(8), GreenPos(8), AllPos(8), 
 Auto vars:     Size  Location     Type
  row             1    4[BANK0 ] unsigned char 
  temp            1    5[BANK0 ] unsigned char 
 Return value:  Size  Location     Type
                  1    wreg      unsigned char 
 Registers used:
		wreg, fsr0l, fsr0h, status,2, status,0
 Tracked objects:
		On entry : 
		On exit  : 
		Unchanged: 
 Data sizes:     COMMON   BANK0   BANK1   BANK3   BANK2
      Params:         2       0       0       0       0
      Locals:         0       2       0       0       0
      Temps:          0       4       0       0       0
      Totals:         2       6       0       0       0
Total ram usage:        8 bytes
 Hardware stack levels used:    1
 Hardware stack levels required when called:    1
 This function calls:
		Nothing
 This function is called by:
		_sendMatrix
		_legalPlay
		_drawFrom
		_playPeice
 This function uses a non-reentrant model


 *************** function _lcd_puts *****************
 Defined at:
		line 151 in file "lcd4bit/lcd4bits.c"
 Parameters:    Size  Location     Type
  string          2    3[BANK0 ] PTR const unsigned char 
		 -> STR_33(17), STR_32(5), STR_31(12), STR_30(10), 
		 -> STR_29(8), STR_28(6), STR_27(10), STR_25(13), 
		 -> STR_24(13), STR_23(9), STR_22(14), STR_21(6), 
		 -> STR_20(6), STR_19(9), STR_18(14), STR_17(11), 
		 -> STR_16(10), STR_15(12), STR_14(11), STR_13(14), 
		 -> STR_12(8), STR_11(6), STR_10(14), STR_9(14), 
		 -> STR_8(13), STR_7(11), STR_5(10), STR_4(14), 
		 -> STR_3(9), STR_2(12), 
 Auto vars:     Size  Location     Type
		None
 Return value:  Size  Location     Type
                  1    wreg      void 
 Registers used:
		wreg, fsr0l, fsr0h, status,2, status,0, btemp+1, pclath, cstack
 Tracked objects:
		On entry : 
		On exit  : 
		Unchanged: 
 Data sizes:     COMMON   BANK0   BANK1   BANK3   BANK2
      Params:         0       2       0       0       0
      Locals:         0       0       0       0       0
      Temps:          0       1       0       0       0
      Totals:         0       3       0       0       0
Total ram usage:        3 bytes
 Hardware stack levels used:    1
 Hardware stack levels required when called:    4
 This function calls:
		_lcd_write
 This function is called by:
		_main
 This function uses a non-reentrant model


 *************** function _lcd_goto *****************
 Defined at:
		line 167 in file "lcd4bit/lcd4bits.c"
 Parameters:    Size  Location     Type
  position        1    wreg     unsigned char 
 Auto vars:     Size  Location     Type
  position        1    4[BANK0 ] unsigned char 
 Return value:  Size  Location     Type
                  1    wreg      void 
 Registers used:
		wreg, status,2, status,0, pclath, cstack
 Tracked objects:
		On entry : 
		On exit  : 
		Unchanged: 
 Data sizes:     COMMON   BANK0   BANK1   BANK3   BANK2
      Params:         0       0       0       0       0
      Locals:         0       1       0       0       0
      Temps:          0       1       0       0       0
      Totals:         0       2       0       0       0
Total ram usage:        2 bytes
 Hardware stack levels used:    1
 Hardware stack levels required when called:    4
 This function calls:
		_DelayMs
		_lcd_write
 This function is called by:
		_main
 This function uses a non-reentrant model


 *************** function _DelayMs *****************
 Defined at:
		line 87 in file "lcd4bit/lcd4bits.c"
 Parameters:    Size  Location     Type
  millis          2    5[COMMON] unsigned int 
 Auto vars:     Size  Location     Type
		None
 Return value:  Size  Location     Type
                  1    wreg      void 
 Registers used:
		wreg, status,2, status,0
 Tracked objects:
		On entry : 
		On exit  : 
		Unchanged: 
 Data sizes:     COMMON   BANK0   BANK1   BANK3   BANK2
      Params:         2       0       0       0       0
      Locals:         0       0       0       0       0
      Temps:          0       0       0       0       0
      Totals:         2       0       0       0       0
Total ram usage:        2 bytes
 Hardware stack levels used:    1
 Hardware stack levels required when called:    1
 This function calls:
		Nothing
 This function is called by:
		_lcd_clear
		_lcd_goto
		_lcd_init
		_main
 This function uses a non-reentrant model


 *************** function _getKeypadPressed *****************
 Defined at:
		line 285 in file "Othello.c"
 Parameters:    Size  Location     Type
		None
 Auto vars:     Size  Location     Type
  temp            1    1[BANK0 ] unsigned char 
  temp2           1    0[BANK0 ] unsigned char 
 Return value:  Size  Location     Type
                  1    wreg      unsigned char 
 Registers used:
		wreg, status,2, status,0
 Tracked objects:
		On entry : 
		On exit  : 
		Unchanged: 
 Data sizes:     COMMON   BANK0   BANK1   BANK3   BANK2
      Params:         0       0       0       0       0
      Locals:         0       2       0       0       0
      Temps:          2       0       0       0       0
      Totals:         2       2       0       0       0
Total ram usage:        4 bytes
 Hardware stack levels used:    1
 Hardware stack levels required when called:    1
 This function calls:
		Nothing
 This function is called by:
		_main
 This function uses a non-reentrant model


 *************** function _getKeypadKey *****************
 Defined at:
		line 256 in file "Othello.c"
 Parameters:    Size  Location     Type
		None
 Auto vars:     Size  Location     Type
  col             1    2[BANK0 ] unsigned char 
  temp            1    1[BANK0 ] unsigned char 
  temp2           1    0[BANK0 ] unsigned char 
 Return value:  Size  Location     Type
                  1    wreg      unsigned char 
 Registers used:
		wreg, fsr0l, fsr0h, status,2, status,0, btemp+1, pclath
 Tracked objects:
		On entry : 
		On exit  : 
		Unchanged: 
 Data sizes:     COMMON   BANK0   BANK1   BANK3   BANK2
      Params:         0       0       0       0       0
      Locals:         0       3       0       0       0
      Temps:          2       0       0       0       0
      Totals:         2       3       0       0       0
Total ram usage:        5 bytes
 Hardware stack levels used:    2
 Hardware stack levels required when called:    1
 This function calls:
		Nothing
 This function is called by:
		_main
 This function uses a non-reentrant model


 *************** function _drawMatrix *****************
 Defined at:
		line 207 in file "Othello.c"
 Parameters:    Size  Location     Type
		None
 Auto vars:     Size  Location     Type
  temp            1    9[BANK0 ] unsigned char 
 Return value:  Size  Location     Type
                  1    wreg      void 
 Registers used:
		wreg, fsr0l, fsr0h, status,2, status,0, pclath, cstack
 Tracked objects:
		On entry : 
		On exit  : 
		Unchanged: 
 Data sizes:     COMMON   BANK0   BANK1   BANK3   BANK2
      Params:         0       0       0       0       0
      Locals:         0       1       0       0       0
      Temps:          0       1       0       0       0
      Totals:         0       2       0       0       0
Total ram usage:        2 bytes
 Hardware stack levels used:    1
 Hardware stack levels required when called:    3
 This function calls:
		_I2C_SendAddress
		_I2C_SendByte
		_I2C_Start
		_I2C_Stop
 This function is called by:
		_main
 This function uses a non-reentrant model


 *************** function _I2C_Stop *****************
 Defined at:
		line 137 in file "i2c/i2c.c"
 Parameters:    Size  Location     Type
		None
 Auto vars:     Size  Location     Type
		None
 Return value:  Size  Location     Type
                  1    wreg      void 
 Registers used:
		wreg, status,2, status,0, pclath, cstack
 Tracked objects:
		On entry : 
		On exit  : 
		Unchanged: 
 Data sizes:     COMMON   BANK0   BANK1   BANK3   BANK2
      Params:         0       0       0       0       0
      Locals:         0       0       0       0       0
      Temps:          0       0       0       0       0
      Totals:         0       0       0       0       0
Total ram usage:        0 bytes
 Hardware stack levels used:    1
 Hardware stack levels required when called:    2
 This function calls:
		_I2C_Idle_Status
 This function is called by:
		_matrixSetup
		_drawMatrix
 This function uses a non-reentrant model


 *************** function _I2C_Start *****************
 Defined at:
		line 112 in file "i2c/i2c.c"
 Parameters:    Size  Location     Type
		None
 Auto vars:     Size  Location     Type
		None
 Return value:  Size  Location     Type
                  1    wreg      void 
 Registers used:
		wreg, status,2, status,0, pclath, cstack
 Tracked objects:
		On entry : 
		On exit  : 
		Unchanged: 
 Data sizes:     COMMON   BANK0   BANK1   BANK3   BANK2
      Params:         0       0       0       0       0
      Locals:         0       0       0       0       0
      Temps:          0       0       0       0       0
      Totals:         0       0       0       0       0
Total ram usage:        0 bytes
 Hardware stack levels used:    1
 Hardware stack levels required when called:    2
 This function calls:
		_I2C_Idle_Status
 This function is called by:
		_matrixSetup
		_drawMatrix
 This function uses a non-reentrant model


 *************** function _I2C_Idle_Status *****************
 Defined at:
		line 101 in file "i2c/i2c.c"
 Parameters:    Size  Location     Type
		None
 Auto vars:     Size  Location     Type
		None
 Return value:  Size  Location     Type
                  1    wreg      unsigned char 
 Registers used:
		wreg, status,2, status,0
 Tracked objects:
		On entry : 
		On exit  : 
		Unchanged: 
 Data sizes:     COMMON   BANK0   BANK1   BANK3   BANK2
      Params:         0       0       0       0       0
      Locals:         0       0       0       0       0
      Temps:          0       8       0       0       0
      Totals:         0       8       0       0       0
Total ram usage:        8 bytes
 Hardware stack levels used:    1
 Hardware stack levels required when called:    1
 This function calls:
		Nothing
 This function is called by:
		_I2C_Start
		_I2C_Stop
		_I2C_Restart
 This function uses a non-reentrant model


 *************** function _I2C_SendAddress *****************
 Defined at:
		line 172 in file "i2c/i2c.c"
 Parameters:    Size  Location     Type
  address         1    wreg     unsigned char 
  rw              1    0[BANK0 ] unsigned char 
 Auto vars:     Size  Location     Type
  address         1    1[BANK0 ] unsigned char 
 Return value:  Size  Location     Type
                  1    wreg      unsigned char 
 Registers used:
		wreg, status,2, status,0, pclath, cstack
 Tracked objects:
		On entry : 
		On exit  : 
		Unchanged: 
 Data sizes:     COMMON   BANK0   BANK1   BANK3   BANK2
      Params:         0       1       0       0       0
      Locals:         0       1       0       0       0
      Temps:          0       0       0       0       0
      Totals:         0       2       0       0       0
Total ram usage:        2 bytes
 Hardware stack levels used:    1
 Hardware stack levels required when called:    2
 This function calls:
		_I2C_SendByte
 This function is called by:
		_matrixSetup
		_drawMatrix
 This function uses a non-reentrant model


 *************** function _I2C_SendByte *****************
 Defined at:
		line 158 in file "i2c/i2c.c"
 Parameters:    Size  Location     Type
  data            1    wreg     unsigned char 
 Auto vars:     Size  Location     Type
  data            1    6[COMMON] unsigned char 
 Return value:  Size  Location     Type
                  1    wreg      unsigned char 
 Registers used:
		wreg, status,2, status,0
 Tracked objects:
		On entry : 
		On exit  : 
		Unchanged: 
 Data sizes:     COMMON   BANK0   BANK1   BANK3   BANK2
      Params:         0       0       0       0       0
      Locals:         1       0       0       0       0
      Temps:          1       0       0       0       0
      Totals:         2       0       0       0       0
Total ram usage:        2 bytes
 Hardware stack levels used:    1
 Hardware stack levels required when called:    1
 This function calls:
		Nothing
 This function is called by:
		_matrixSetup
		_drawMatrix
		_I2C_SendAddress
 This function uses a non-reentrant model


 *************** function _displayNuber *****************
 Defined at:
		line 409 in file "Othello.c"
 Parameters:    Size  Location     Type
  num             1    wreg     unsigned char 
 Auto vars:     Size  Location     Type
  num             1   10[BANK0 ] unsigned char 
 Return value:  Size  Location     Type
                  1    wreg      void 
 Registers used:
		wreg, status,2, status,0, pclath, cstack
 Tracked objects:
		On entry : 
		On exit  : 
		Unchanged: 
 Data sizes:     COMMON   BANK0   BANK1   BANK3   BANK2
      Params:         0       0       0       0       0
      Locals:         0       1       0       0       0
      Temps:          0       2       0       0       0
      Totals:         0       3       0       0       0
Total ram usage:        3 bytes
 Hardware stack levels used:    1
 Hardware stack levels required when called:    5
 This function calls:
		___awdiv
		___awmod
		_lcd_putch
 This function is called by:
		_main
 This function uses a non-reentrant model


 *************** function _lcd_putch *****************
 Defined at:
		line 157 in file "lcd4bit/lcd4bits.c"
 Parameters:    Size  Location     Type
  character       1    wreg     unsigned char 
 Auto vars:     Size  Location     Type
  character       1    4[BANK0 ] unsigned char 
 Return value:  Size  Location     Type
                  1    wreg      void 
 Registers used:
		wreg, status,2, status,0, pclath, cstack
 Tracked objects:
		On entry : 
		On exit  : 
		Unchanged: 
 Data sizes:     COMMON   BANK0   BANK1   BANK3   BANK2
      Params:         0       0       0       0       0
      Locals:         0       1       0       0       0
      Temps:          0       1       0       0       0
      Totals:         0       2       0       0       0
Total ram usage:        2 bytes
 Hardware stack levels used:    1
 Hardware stack levels required when called:    4
 This function calls:
		_lcd_write
 This function is called by:
		_displayNuber
		_main
 This function uses a non-reentrant model


 *************** function _lcd_write *****************
 Defined at:
		line 126 in file "lcd4bit/lcd4bits.c"
 Parameters:    Size  Location     Type
  mode            1    wreg     unsigned char 
  CmdChar         1    0[BANK0 ] unsigned char 
 Auto vars:     Size  Location     Type
  mode            1    2[BANK0 ] unsigned char 
 Return value:  Size  Location     Type
                  1    wreg      void 
 Registers used:
		wreg, status,2, status,0, pclath, cstack
 Tracked objects:
		On entry : 
		On exit  : 
		Unchanged: 
 Data sizes:     COMMON   BANK0   BANK1   BANK3   BANK2
      Params:         0       1       0       0       0
      Locals:         0       1       0       0       0
      Temps:          0       1       0       0       0
      Totals:         0       3       0       0       0
Total ram usage:        3 bytes
 Hardware stack levels used:    1
 Hardware stack levels required when called:    3
 This function calls:
		_Delay20us
		_LCD_strobe
 This function is called by:
		_lcd_clear
		_lcd_puts
		_lcd_putch
		_lcd_goto
		_lcd_init
 This function uses a non-reentrant model


 *************** function _LCD_strobe *****************
 Defined at:
		line 109 in file "lcd4bit/lcd4bits.c"
 Parameters:    Size  Location     Type
		None
 Auto vars:     Size  Location     Type
		None
 Return value:  Size  Location     Type
                  1    wreg      void 
 Registers used:
		wreg, status,2, status,0, pclath, cstack
 Tracked objects:
		On entry : 
		On exit  : 
		Unchanged: 
 Data sizes:     COMMON   BANK0   BANK1   BANK3   BANK2
      Params:         0       0       0       0       0
      Locals:         0       0       0       0       0
      Temps:          0       0       0       0       0
      Totals:         0       0       0       0       0
Total ram usage:        0 bytes
 Hardware stack levels used:    1
 Hardware stack levels required when called:    2
 This function calls:
		_Delay20us
 This function is called by:
		_lcd_write
 This function uses a non-reentrant model


 *************** function _Delay20us *****************
 Defined at:
		line 100 in file "lcd4bit/lcd4bits.c"
 Parameters:    Size  Location     Type
		None
 Auto vars:     Size  Location     Type
  next            1    6[COMMON] unsigned char 
 Return value:  Size  Location     Type
                  1    wreg      void 
 Registers used:
		wreg, status,2, status,0
 Tracked objects:
		On entry : 
		On exit  : 
		Unchanged: 
 Data sizes:     COMMON   BANK0   BANK1   BANK3   BANK2
      Params:         0       0       0       0       0
      Locals:         1       0       0       0       0
      Temps:          1       0       0       0       0
      Totals:         2       0       0       0       0
Total ram usage:        2 bytes
 Hardware stack levels used:    1
 Hardware stack levels required when called:    1
 This function calls:
		Nothing
 This function is called by:
		_LCD_strobe
		_lcd_write
 This function uses a non-reentrant model


 *************** function ___awmod *****************
 Defined at:
		line 6 in file "C:\Program Files (x86)\Microchip\xc8\v1.37\sources\common\awmod.c"
 Parameters:    Size  Location     Type
  divisor         2    0[BANK0 ] int 
  dividend        2    2[BANK0 ] int 
 Auto vars:     Size  Location     Type
  sign            1    5[BANK0 ] unsigned char 
  counter         1    4[BANK0 ] unsigned char 
 Return value:  Size  Location     Type
                  2    0[BANK0 ] int 
 Registers used:
		wreg, status,2, status,0
 Tracked objects:
		On entry : 
		On exit  : 
		Unchanged: 
 Data sizes:     COMMON   BANK0   BANK1   BANK3   BANK2
      Params:         0       4       0       0       0
      Locals:         0       2       0       0       0
      Temps:          1       0       0       0       0
      Totals:         1       6       0       0       0
Total ram usage:        7 bytes
 Hardware stack levels used:    1
 Hardware stack levels required when called:    1
 This function calls:
		Nothing
 This function is called by:
		_displayNuber
 This function uses a non-reentrant model


 *************** function ___awdiv *****************
 Defined at:
		line 6 in file "C:\Program Files (x86)\Microchip\xc8\v1.37\sources\common\awdiv.c"
 Parameters:    Size  Location     Type
  divisor         2    0[BANK0 ] int 
  dividend        2    2[BANK0 ] int 
 Auto vars:     Size  Location     Type
  quotient        2    6[BANK0 ] int 
  sign            1    5[BANK0 ] unsigned char 
  counter         1    4[BANK0 ] unsigned char 
 Return value:  Size  Location     Type
                  2    0[BANK0 ] int 
 Registers used:
		wreg, status,2, status,0
 Tracked objects:
		On entry : 
		On exit  : 
		Unchanged: 
 Data sizes:     COMMON   BANK0   BANK1   BANK3   BANK2
      Params:         0       4       0       0       0
      Locals:         0       4       0       0       0
      Temps:          1       0       0       0       0
      Totals:         1       8       0       0       0
Total ram usage:        9 bytes
 Hardware stack levels used:    1
 Hardware stack levels required when called:    1
 This function calls:
		Nothing
 This function is called by:
		_displayNuber
 This function uses a non-reentrant model


 *************** function _countColor *****************
 Defined at:
		line 396 in file "Othello.c"
 Parameters:    Size  Location     Type
  color           1    wreg     PTR unsigned char 
		 -> RedPos(8), GreenPos(8), AllPos(8), 
 Auto vars:     Size  Location     Type
  color           1    3[BANK0 ] PTR unsigned char 
		 -> RedPos(8), GreenPos(8), AllPos(8), 
  i               1    1[BANK0 ] unsigned char 
  temp            1    2[BANK0 ] unsigned char 
  count           1    0[BANK0 ] unsigned char 
 Return value:  Size  Location     Type
                  1    wreg      unsigned char 
 Registers used:
		wreg, fsr0l, fsr0h, status,2, status,0
 Tracked objects:
		On entry : 
		On exit  : 
		Unchanged: 
 Data sizes:     COMMON   BANK0   BANK1   BANK3   BANK2
      Params:         0       0       0       0       0
      Locals:         0       4       0       0       0
      Temps:          2       0       0       0       0
      Totals:         2       4       0       0       0
Total ram usage:        6 bytes
 Hardware stack levels used:    1
 Hardware stack levels required when called:    1
 This function calls:
		Nothing
 This function is called by:
		_main
 This function uses a non-reentrant model


 *************** function _checkFullBoard *****************
 Defined at:
		line 388 in file "Othello.c"
 Parameters:    Size  Location     Type
		None
 Auto vars:     Size  Location     Type
  i               1    6[COMMON] unsigned char 
 Return value:  Size  Location     Type
                  1    wreg      unsigned char 
 Registers used:
		wreg, fsr0l, fsr0h, status,2, status,0
 Tracked objects:
		On entry : 
		On exit  : 
		Unchanged: 
 Data sizes:     COMMON   BANK0   BANK1   BANK3   BANK2
      Params:         0       0       0       0       0
      Locals:         1       0       0       0       0
      Temps:          1       0       0       0       0
      Totals:         2       0       0       0       0
Total ram usage:        2 bytes
 Hardware stack levels used:    1
 Hardware stack levels required when called:    1
 This function calls:
		Nothing
 This function is called by:
		_main
 This function uses a non-reentrant model


 *************** function _interrupt_handler *****************
 Defined at:
		line 66 in file "Othello.c"
 Parameters:    Size  Location     Type
		None
 Auto vars:     Size  Location     Type
		None
 Return value:  Size  Location     Type
                  1    wreg      void 
 Registers used:
		wreg, status,2, status,0
 Tracked objects:
		On entry : 
		On exit  : 
		Unchanged: 
 Data sizes:     COMMON   BANK0   BANK1   BANK3   BANK2
      Params:         0       0       0       0       0
      Locals:         0       0       0       0       0
      Temps:          5       0       0       0       0
      Totals:         5       0       0       0       0
Total ram usage:        5 bytes
 Hardware stack levels used:    1
 This function calls:
		Nothing
 This function is called by:
		Interrupt level 1
 This function uses a non-reentrant model



MODULE INFORMATION

Module		Function		Class		Link	Load	Size
i2c/i2c.c
		_I2C_SendAddress		CODE           	0BA4	0000	15
		_I2C_Stop      		CODE           	0BC0	0000	18
		_I2C_SendByte  		CODE           	0C19	0000	22
		_I2C_Idle_Status		CODE           	0D37	0000	55
		_I2C_Initialize		CODE           	0C06	0000	20
		_I2C_Start     		CODE           	0BB2	0000	15

i2c/i2c.c estimated size: 145

C:\Program Files (x86)\Microchip\xc8\v1.37\sources\common\awdiv.c
		___awdiv       		CODE           	07A4	0000	92

C:\Program Files (x86)\Microchip\xc8\v1.37\sources\common\awdiv.c estimated size: 92

lcd4bit/lcd4bits.c
		_lcd_puts      		CODE           	0CD8	0000	42
		_lcd_putch     		CODE           	0B98	0000	13
		_DelayMs       		CODE           	0BE2	0000	19
		_lcd_clear     		CODE           	0BF4	0000	19
		_lcd_goto      		CODE           	0C2E	0000	23
		_LCD_strobe    		CODE           	0B8E	0000	11
		_lcd_write     		CODE           	0D6D	0000	57
		_tmr0_init     		CODE           	0B7C	0000	9
		_lcd_init      		CODE           	0F41	0000	91
		_Delay20us     		CODE           	0B84	0000	11

lcd4bit/lcd4bits.c estimated size: 295

shared
		__stringtab    		STRCODE        	0400	0000	19
		_KEYS          		STRCODE        	0412	0000	17
		__initialization		CODE           	0015	0000	18

shared estimated size: 54

Othello.c
		_displayNuber  		CODE           	0D01	0000	55
		_sendMatrix    		CODE           	065A	0000	168
		_main          		CODE           	002A	0000	933
		_countColor    		CODE           	03CE	0000	44
		_drawMatrix    		CODE           	0E18	0000	66
		_checkFullBoard		CODE           	0C44	0000	25
		_legalPlay     		CODE           	0701	0000	164
		_matrixSetup   		CODE           	0E59	0000	75
		_drawFrom      		CODE           	0EF0	0000	82
		_checkPositionFree		CODE           	0DA5	0000	58
		_setup         		CODE           	0DDE	0000	59
		_OutChar       		CODE           	0B74	0000	9
		_OutCharMsg    		CODE           	0C8D	0000	38
		_interrupt_handler		CODE           	0C74	0000	26
		_getKeypadKey  		CODE           	0F9B	0000	102
		_playPeice     		CODE           	056E	0000	237
		_getKeypadPressed		CODE           	0CB2	0000	39

Othello.c estimated size: 2180

C:\Program Files (x86)\Microchip\xc8\v1.37\sources\common\awmod.c
		___awmod       		CODE           	0EA3	0000	78

C:\Program Files (x86)\Microchip\xc8\v1.37\sources\common\awmod.c estimated size: 78

